<html>
<body>
<pre>
<h1>礦ision Build Log</h1>
<h2>Tool Versions:</h2>
IDE-Version: μVision V5.14.0.0
Copyright (C) 2015 ARM Ltd and ARM Germany GmbH. All rights reserved.
License Information: Test My Lenovo-PC, Test, LIC=50D74-FDQUD-XCCJ0-B72F0-WNZ0L-HSACB
 
Tool Versions:
Toolchain:       MDK-ARM Professional  Version: 5.14.0.0
Toolchain Path:  C:\Keil_v5\ARM\ARMCC\Bin
C Compiler:      Armcc.exe V5.05 update 1 (build 106)
Assembler:       Armasm.exe V5.05 update 1 (build 106)
Linker/Locator:  ArmLink.exe V5.05 update 1 (build 106)
Library Manager: ArmAr.exe V5.05 update 1 (build 106)
Hex Converter:   FromElf.exe V5.05 update 1 (build 106)
CPU DLL:         SARMCM3.DLL V5.14.0.0
Dialog DLL:      DCM.DLL V1.13.1.0
Target DLL:      CMSIS_AGDI.dll V1.21.0.0
Dialog DLL:      TCM.DLL V1.14.4.0
 
<h2>Project:</h2>
D:\ProgramData\新建文件夹\最终版\视频中FATFS测试工程-STM32F407\USER\FATFS.uvprojx
Project File Date:  07/05/2019

<h2>Output:</h2>
Build target 'FATFS'
compiling main.c...
main.c(178): warning:  #188-D: enumerated type mixed with another type
        openfileres = 999;
main.c(178): warning:  #69-D: integer conversion resulted in truncation
        openfileres = 999;
main.c(179): warning:  #188-D: enumerated type mixed with another type
        createfileres = 999;    
main.c(179): warning:  #69-D: integer conversion resulted in truncation
        createfileres = 999;    
main.c(389): warning:  #167-D: argument of type "u8 *" is incompatible with parameter of type "char *"
                LCD_ShowString(0, 215, 100, 16, 16, tbuf);
main.c(394): warning:  #167-D: argument of type "u8 *" is incompatible with parameter of type "char *"
                LCD_ShowString(105, 215, 135, 16, 16, tbuf);
main.c(71): warning:  #550-D: variable "Ypre" was set but never used
  static u16 Ypos1 = 0,Ypos2 = 0,Ypre=0;//鐢诲浘鍙傛暟,Ypre涓夌偣涓涓�鐐癸紝鍙樺寲鍚嶻pre鏈娇鐢?                                 ^
main.c: 7 warnings, 0 errors
compiling timer.c...
linking...
..\OBJ\FATFS.axf: Warning: L6304W: Duplicate input file ..\obj\timer_1.o ignored.
Program Size: Code=53724 RO-data=213532 RW-data=568 ZI-data=1228584  
Finished: 0 information, 1 warning and 0 error messages.
FromELF: creating hex file...
"..\OBJ\FATFS.axf" - 0 Error(s), 8 Warning(s).

<h2>Collection of Component include folders:</h2>
  D:\ProgramData\新建文件夹\最终版\视频中FATFS测试工程-STM32F407\USER\RTE
  C:\Keil_v5\ARM\PACK\Keil\STM32F4xx_DFP\1.0.8\Device\Include

<h2>Collection of Component Files used:</h2>
</pre>
</body>
</html>
