Component: ARM Compiler 5.05 update 1 (build 106) Tool: armlink [4d0efa]

==============================================================================

Section Cross References

    main.o(.text) refers to _printf_percent.o(.ARM.Collect$$_printf_percent$$00000000) for _printf_percent
    main.o(.text) refers to _printf_s.o(.ARM.Collect$$_printf_percent$$00000014) for _printf_s
    main.o(.text) refers to _printf_str.o(.text) for _printf_str
    main.o(.text) refers to _printf_d.o(.ARM.Collect$$_printf_percent$$00000009) for _printf_d
    main.o(.text) refers to _printf_dec.o(.text) for _printf_int_dec
    main.o(.text) refers to _printf_u.o(.ARM.Collect$$_printf_percent$$0000000A) for _printf_u
    main.o(.text) refers to _printf_pad.o(.text) for _printf_pre_padding
    main.o(.text) refers to tftlcd.o(.text) for LCD_Draw_ColorPoint
    main.o(.text) refers to strcmpv7m.o(.text) for strcmp
    main.o(.text) refers to noretval__2printf.o(.text) for __2printf
    main.o(.text) refers to stm32f4xx_usart.o(.text) for USART_SendData
    main.o(.text) refers to rt_memclr.o(.text) for __aeabi_memclr
    main.o(.text) refers to main.o(.data) for index1
    main.o(.text) refers to usart.o(.data) for USART_RX_STA
    main.o(.text) refers to usart.o(.bss) for USART_RX_BUF
    main.o(.text) refers to ff.o(.text) for f_read
    main.o(.text) refers to noretval__2sprintf.o(.text) for __2sprintf
    main.o(.text) refers to stm32f4xx_rtc.o(.text) for RTC_GetTime
    main.o(.text) refers to exfuns.o(.data) for br
    main.o(.text) refers to main.o(.bss) for fil
    main.o(.text) refers to tftlcd.o(.data) for BACK_COLOR
    main.o(.text) refers to max30102.o(.text) for max30102_read_fifo
    main.o(.text) refers to delay.o(.text) for delay_init
    main.o(.text) refers to myiic.o(.text) for IIC_Init
    main.o(.text) refers to misc.o(.text) for NVIC_PriorityGroupConfig
    main.o(.text) refers to usart.o(.text) for uart_init
    main.o(.text) refers to exti.o(.text) for EXTIX_Init
    main.o(.text) refers to key.o(.text) for KEY_Init
    main.o(.text) refers to w25qxx.o(.text) for W25QXX_Init
    main.o(.text) refers to malloc.o(.text) for my_mem_init
    main.o(.text) refers to exfuns.o(.text) for exfuns_init
    main.o(.text) refers to rtc.o(.text) for My_RTC_Init
    main.o(.text) refers to timer_1.o(.text) for TIM3_Int_Init
    main.o(.text) refers to stm32f4xx_rcc.o(.text) for RCC_GetClocksFreq
    main.o(.text) refers to stm32f4xx_tim.o(.text) for TIM_GetITStatus
    main.o(.text) refers to stm32f4xx_exti.o(.text) for EXTI_GetITStatus
    main.o(.text) refers to exfuns.o(.bss) for fs
    main.o(.data) refers to main.o(.bss) for buffer
    system_stm32f4xx.o(.text) refers to system_stm32f4xx.o(.data) for SystemCoreClock
    led.o(.text) refers to stm32f4xx_rcc.o(.text) for RCC_AHB1PeriphClockCmd
    led.o(.text) refers to stm32f4xx_gpio.o(.text) for GPIO_Init
    key.o(.text) refers to stm32f4xx_rcc.o(.text) for RCC_AHB1PeriphClockCmd
    key.o(.text) refers to stm32f4xx_gpio.o(.text) for GPIO_Init
    key.o(.text) refers to delay.o(.text) for delay_ms
    key.o(.text) refers to key.o(.data) for key_up
    spi.o(.text) refers to stm32f4xx_spi.o(.text) for SPI_I2S_GetFlagStatus
    spi.o(.text) refers to stm32f4xx_rcc.o(.text) for RCC_AHB1PeriphClockCmd
    spi.o(.text) refers to stm32f4xx_gpio.o(.text) for GPIO_Init
    sdio_sdcard.o(.text) refers to stm32f4xx_sdio.o(.text) for SDIO_GetFlagStatus
    sdio_sdcard.o(.text) refers to sdio_sdcard.o(.data) for DeviceMode
    sdio_sdcard.o(.text) refers to sdio_sdcard.o(.bss) for SDIO_CmdInitStructure
    sdio_sdcard.o(.text) refers to stm32f4xx_rcc.o(.text) for RCC_AHB1PeriphClockCmd
    sdio_sdcard.o(.text) refers to stm32f4xx_gpio.o(.text) for GPIO_Init
    sdio_sdcard.o(.text) refers to misc.o(.text) for NVIC_Init
    sdio_sdcard.o(.text) refers to stm32f4xx_dma.o(.text) for DMA_GetCmdStatus
    sdio_sdcard.o(.text) refers to sys.o(.emb_text) for INTX_DISABLE
    sdio_sdcard.o(.text) refers to rt_memcpy_v6.o(.text) for __aeabi_memcpy
    w25qxx.o(.text) refers to spi.o(.text) for SPI1_ReadWriteByte
    w25qxx.o(.text) refers to stm32f4xx_rcc.o(.text) for RCC_AHB1PeriphClockCmd
    w25qxx.o(.text) refers to stm32f4xx_gpio.o(.text) for GPIO_Init
    w25qxx.o(.text) refers to delay.o(.text) for delay_us
    w25qxx.o(.text) refers to w25qxx.o(.data) for W25QXX_TYPE
    w25qxx.o(.text) refers to w25qxx.o(.bss) for W25QXX_BUFFER
    myiic.o(.text) refers to stm32f4xx_rcc.o(.text) for RCC_AHB1PeriphClockCmd
    myiic.o(.text) refers to stm32f4xx_gpio.o(.text) for GPIO_Init
    myiic.o(.text) refers to delay.o(.text) for delay_us
    dma.o(.text) refers to stm32f4xx_rcc.o(.text) for RCC_AHB1PeriphClockCmd
    dma.o(.text) refers to stm32f4xx_dma.o(.text) for DMA_DeInit
    max30102.o(.text) refers to myiic.o(.text) for IIC_Start
    tftlcd.o(.text) refers to stm32f4xx_rcc.o(.text) for RCC_AHB1PeriphClockCmd
    tftlcd.o(.text) refers to stm32f4xx_gpio.o(.text) for GPIO_Init
[...]
    IIC_Wait_Ack                             0x08003e5d   Thumb Code    82  myiic.o(.text)
    IIC_Ack                                  0x08003eaf   Thumb Code    66  myiic.o(.text)
    IIC_NAck                                 0x08003ef1   Thumb Code    66  myiic.o(.text)
    IIC_Send_Byte                            0x08003f33   Thumb Code    90  myiic.o(.text)
    IIC_Read_Byte                            0x08003f8d   Thumb Code    80  myiic.o(.text)
    IIC_Init_2                               0x08003fdd   Thumb Code    64  myiic.o(.text)
    IIC_Start_2                              0x0800401d   Thumb Code    68  myiic.o(.text)
    IIC_Stop_2                               0x08004061   Thumb Code    66  myiic.o(.text)
    IIC_Wait_Ack_2                           0x080040a3   Thumb Code    84  myiic.o(.text)
    IIC_Ack_2                                0x080040f7   Thumb Code    70  myiic.o(.text)
    IIC_NAck_2                               0x0800413d   Thumb Code    70  myiic.o(.text)
    IIC_Send_Byte_2                          0x08004183   Thumb Code   104  myiic.o(.text)
    IIC_Read_Byte_2                          0x080041eb   Thumb Code    82  myiic.o(.text)
    max30102_write_reg                       0x08004249   Thumb Code    68  max30102.o(.text)
    max30102_read_reg                        0x0800428d   Thumb Code    82  max30102.o(.text)
    max30102_init                            0x080042df   Thumb Code   160  max30102.o(.text)
    max30102_read_fifo                       0x0800437f   Thumb Code   200  max30102.o(.text)
    max30102_reset                           0x08004447   Thumb Code    20  max30102.o(.text)
    bitMask                                  0x0800445b   Thumb Code    40  max30102.o(.text)
    CharToInt                                0x08004483   Thumb Code    50  max30102.o(.text)
    StringToInt                              0x080044b5   Thumb Code    24  max30102.o(.text)
    setLEDValueRED                           0x080044cd   Thumb Code    38  max30102.o(.text)
    setLEDValueIR                            0x080044f3   Thumb Code    22  max30102.o(.text)
    setSampleRate                            0x08004509   Thumb Code   164  max30102.o(.text)
    setFIFOAverage                           0x080045ad   Thumb Code   120  max30102.o(.text)
    setADCRange                              0x08004625   Thumb Code    96  max30102.o(.text)
    setPulseWidth                            0x08004685   Thumb Code    94  max30102.o(.text)
    getWritePointer_1                        0x080046e3   Thumb Code    16  max30102.o(.text)
    getReadPointer_1                         0x080046f3   Thumb Code    16  max30102.o(.text)
    check_1                                  0x08004703   Thumb Code    26  max30102.o(.text)
    max30102_write_reg_2                     0x0800471d   Thumb Code    68  max30102.o(.text)
    max30102_read_reg_2                      0x08004761   Thumb Code    82  max30102.o(.text)
    max30102_init_2                          0x080047b3   Thumb Code   160  max30102.o(.text)
    max30102_read_fifo_2                     0x08004853   Thumb Code   192  max30102.o(.text)
    max30102_reset_2                         0x08004913   Thumb Code    20  max30102.o(.text)
    bitMask_2                                0x08004927   Thumb Code    40  max30102.o(.text)
    setSampleRate_2                          0x0800494f   Thumb Code   156  max30102.o(.text)
    setFIFOAverage_2                         0x080049eb   Thumb Code   120  max30102.o(.text)
    setADCRange_2                            0x08004a63   Thumb Code    96  max30102.o(.text)
    setPulseWidth_2                          0x08004ac3   Thumb Code    94  max30102.o(.text)
    getWritePointer_2                        0x08004b21   Thumb Code    16  max30102.o(.text)
    getReadPointer_2                         0x08004b31   Thumb Code    22  max30102.o(.text)
    check_2                                  0x08004b47   Thumb Code    26  max30102.o(.text)
    setLEDValueRED_2                         0x08004b61   Thumb Code    38  max30102.o(.text)
    setLEDValueIR_2                          0x08004b87   Thumb Code    22  max30102.o(.text)
    LCD_Write_HalfWord                       0x08004c5d   Thumb Code    36  tftlcd.o(.text)
    LCD_Address_Set                          0x08004c81   Thumb Code    82  tftlcd.o(.text)
    LCD_DisplayOn                            0x08004cd3   Thumb Code    10  tftlcd.o(.text)
    LCD_DisplayOff                           0x08004cdd   Thumb Code    10  tftlcd.o(.text)
    LCD_Clear                                0x08004ce7   Thumb Code   100  tftlcd.o(.text)
    LCD_Fill                                 0x08004d4b   Thumb Code   140  tftlcd.o(.text)
    LCD_Draw_Point                           0x08004dd7   Thumb Code    28  tftlcd.o(.text)
    LCD_Draw_ColorPoint                      0x08004df3   Thumb Code    28  tftlcd.o(.text)
    LCD_DrawLine                             0x08004e0f   Thumb Code   276  tftlcd.o(.text)
    LCD_DrawRectangle                        0x08004f23   Thumb Code    64  tftlcd.o(.text)
    LCD_Draw_Circle                          0x08004f63   Thumb Code   208  tftlcd.o(.text)
    LCD_ShowChar                             0x08005033   Thumb Code   502  tftlcd.o(.text)
    LCD_ShowNum                              0x0800523f   Thumb Code   136  tftlcd.o(.text)
    LCD_ShowxNum                             0x080052c7   Thumb Code   172  tftlcd.o(.text)
    LCD_ShowString                           0x08005373   Thumb Code    98  tftlcd.o(.text)
    LCD_Show_Image                           0x080053d5   Thumb Code    80  tftlcd.o(.text)
    Display_ALIENTEK_LOGO                    0x08005425   Thumb Code    24  tftlcd.o(.text)
    LCD_Init                                 0x0800543d   Thumb Code   440  tftlcd.o(.text)
    LCD_DrawLine_color                       0x080055f5   Thumb Code   172  tftlcd.o(.text)
    RTC_Set_Time                             0x080056a5   Thumb Code    36  rtc.o(.text)
    RTC_Set_Date                             0x080056c9   Thumb Code    36  rtc.o(.text)
    My_RTC_Init                              0x080056ed   Thumb Code   138  rtc.o(.text)
    RTC_Set_AlarmA                           0x08005777   Thumb Code   158  rtc.o(.text)
    RTC_Set_WakeUp                           0x08005815   Thumb Code   108  rtc.o(.text)
    RTC_Alarm_IRQHandler                     0x08005881   Thumb Code    36  rtc.o(.text)
    RTC_WKUP_IRQHandler                      0x080058a5   Thumb Code    46  rtc.o(.text)
    TIM3_Int_Init                            0x080058e9   Thumb Code    88  timer_1.o(.text)
    EXTI0_IRQHandler                         0x08005945   Thumb Code    16  exti.o(.text)
    EXTI3_IRQHandler                         0x08005955   Thumb Code    42  exti.o(.text)
    EXTI4_IRQHandler                         0x0800597f   Thumb Code    64  exti.o(.text)
    EXTIX_Init                               0x080059bf   Thumb Code   222  exti.o(.text)
    delay_init                               0x08005aa9   Thumb Code    52  delay.o(.text)
    delay_us                                 0x08005add   Thumb Code    72  delay.o(.text)
    delay_xms                                0x08005b25   Thumb Code    72  delay.o(.text)
    delay_ms                                 0x08005b6d   Thumb Code    56  delay.o(.text)
    _sys_exit                                0x08005bad   Thumb Code     4  usart.o(.text)
    fputc                                    0x08005bb1   Thumb Code    22  usart.o(.text)
    uart_init                                0x08005bc7   Thumb Code   164  usart.o(.text)
    USART1_IRQHandler                        0x08005c6b   Thumb Code   122  usart.o(.text)
    Reset_Handler                            0x08005cf5   Thumb Code     8  startup_stm32f40_41xxx.o(.text)
    ADC_IRQHandler                           0x08005d0f   Thumb Code     0  startup_stm32f40_41xxx.o(.text)
    CAN1_RX0_IRQHandler                      0x08005d0f   Thumb Code     0  startup_stm32f40_41xxx.o(.text)
    CAN1_RX1_IRQHandler                      0x08005d0f   Thumb Code     0  startup_stm32f40_41xxx.o(.text)
    CAN1_SCE_IRQHandler                      0x08005d0f   Thumb Code     0  startup_stm32f40_41xxx.o(.text)
    CAN1_TX_IRQHandler                       0x08005d0f   Thumb Code     0  startup_stm32f40_41xxx.o(.text)
    CAN2_RX0_IRQHandler                      0x08005d0f   Thumb Code     0  startup_stm32f40_41xxx.o(.text)
    CAN2_RX1_IRQHandler                      0x08005d0f   Thumb Code     0  startup_stm32f40_41xxx.o(.text)
    CAN2_SCE_IRQHandler                      0x08005d0f   Thumb Code     0  startup_stm32f40_41xxx.o(.text)
    CAN2_TX_IRQHandler                       0x08005d0f   Thumb Code     0  startup_stm32f40_41xxx.o(.text)
    CRYP_IRQHandler                          0x08005d0f   Thumb Code     0  startup_stm32f40_41xxx.o(.text)
    DCMI_IRQHandler                          0x08005d0f   Thumb Code     0  startup_stm32f40_41xxx.o(.text)
    DMA1_Stream0_IRQHandler                  0x08005d0f   Thumb Code     0  startup_stm32f40_41xxx.o(.text)
    DMA1_Stream1_IRQHandler                  0x08005d0f   Thumb Code     0  startup_stm32f40_41xxx.o(.text)
    DMA1_Stream2_IRQHandler                  0x08005d0f   Thumb Code     0  startup_stm32f40_41xxx.o(.text)
    DMA1_Stream3_IRQHandler                  0x08005d0f   Thumb Code     0  startup_stm32f40_41xxx.o(.text)
    DMA1_Stream4_IRQHandler                  0x08005d0f   Thumb Code     0  startup_stm32f40_41xxx.o(.text)
    DMA1_Stream5_IRQHandler                  0x08005d0f   Thumb Code     0  startup_stm32f40_41xxx.o(.text)
    DMA1_Stream6_IRQHandler                  0x08005d0f   Thumb Code     0  startup_stm32f40_41xxx.o(.text)
    DMA1_Stream7_IRQHandler                  0x08005d0f   Thumb Code     0  startup_stm32f40_41xxx.o(.text)
    DMA2_Stream0_IRQHandler                  0x08005d0f   Thumb Code     0  startup_stm32f40_41xxx.o(.text)
    DMA2_Stream1_IRQHandler                  0x08005d0f   Thumb Code     0  startup_stm32f40_41xxx.o(.text)
    DMA2_Stream2_IRQHandler                  0x08005d0f   Thumb Code     0  startup_stm32f40_41xxx.o(.text)
    DMA2_Stream3_IRQHandler                  0x08005d0f   Thumb Code     0  startup_stm32f40_41xxx.o(.text)
    DMA2_Stream4_IRQHandler                  0x08005d0f   Thumb Code     0  startup_stm32f40_41xxx.o(.text)
    DMA2_Stream5_IRQHandler                  0x08005d0f   Thumb Code     0  startup_stm32f40_41xxx.o(.text)
    DMA2_Stream6_IRQHandler                  0x08005d0f   Thumb Code     0  startup_stm32f40_41xxx.o(.text)
    DMA2_Stream7_IRQHandler                  0x08005d0f   Thumb Code     0  startup_stm32f40_41xxx.o(.text)
    ETH_IRQHandler                           0x08005d0f   Thumb Code     0  startup_stm32f40_41xxx.o(.text)
    ETH_WKUP_IRQHandler                      0x08005d0f   Thumb Code     0  startup_stm32f40_41xxx.o(.text)
    EXTI15_10_IRQHandler                     0x08005d0f   Thumb Code     0  startup_stm32f40_41xxx.o(.text)
    EXTI1_IRQHandler                         0x08005d0f   Thumb Code     0  startup_stm32f40_41xxx.o(.text)
    EXTI9_5_IRQHandler                       0x08005d0f   Thumb Code     0  startup_stm32f40_41xxx.o(.text)
    FLASH_IRQHandler                         0x08005d0f   Thumb Code     0  startup_stm32f40_41xxx.o(.text)
    FPU_IRQHandler                           0x08005d0f   Thumb Code     0  startup_stm32f40_41xxx.o(.text)
    FSMC_IRQHandler                          0x08005d0f   Thumb Code     0  startup_stm32f40_41xxx.o(.text)
    HASH_RNG_IRQHandler                      0x08005d0f   Thumb Code     0  startup_stm32f40_41xxx.o(.text)
    I2C1_ER_IRQHandler                       0x08005d0f   Thumb Code     0  startup_stm32f40_41xxx.o(.text)
    I2C1_EV_IRQHandler                       0x08005d0f   Thumb Code     0  startup_stm32f40_41xxx.o(.text)
    I2C2_ER_IRQHandler                       0x08005d0f   Thumb Code     0  startup_stm32f40_41xxx.o(.text)
    I2C2_EV_IRQHandler                       0x08005d0f   Thumb Code     0  startup_stm32f40_41xxx.o(.text)
    I2C3_ER_IRQHandler                       0x08005d0f   Thumb Code     0  startup_stm32f40_41xxx.o(.text)
    I2C3_EV_IRQHandler                       0x08005d0f   Thumb Code     0  startup_stm32f40_41xxx.o(.text)
    OTG_FS_IRQHandler                        0x08005d0f   Thumb Code     0  startup_stm32f40_41xxx.o(.text)
    OTG_FS_WKUP_IRQHandler                   0x08005d0f   Thumb Code     0  startup_stm32f40_41xxx.o(.text)
    OTG_HS_EP1_IN_IRQHandler                 0x08005d0f   Thumb Code     0  startup_stm32f40_41xxx.o(.text)
    OTG_HS_EP1_OUT_IRQHandler                0x08005d0f   Thumb Code     0  startup_stm32f40_41xxx.o(.text)
    OTG_HS_IRQHandler                        0x08005d0f   Thumb Code     0  startup_stm32f40_41xxx.o(.text)
    OTG_HS_WKUP_IRQHandler                   0x08005d0f   Thumb Code     0  startup_stm32f40_41xxx.o(.text)
    PVD_IRQHandler                           0x08005d0f   Thumb Code     0  startup_stm32f40_41xxx.o(.text)
    RCC_IRQHandler                           0x08005d0f   Thumb Code     0  startup_stm32f40_41xxx.o(.text)
    SPI1_IRQHandler                          0x08005d0f   Thumb Code     0  startup_stm32f40_41xxx.o(.text)
    SPI2_IRQHandler                          0x08005d0f   Thumb Code     0  startup_stm32f40_41xxx.o(.text)
    SPI3_IRQHandler                          0x08005d0f   Thumb Code     0  startup_stm32f40_41xxx.o(.text)
    TAMP_STAMP_IRQHandler                    0x08005d0f   Thumb Code     0  startup_stm32f40_41xxx.o(.text)
    TIM1_BRK_TIM9_IRQHandler                 0x08005d0f   Thumb Code     0  startup_stm32f40_41xxx.o(.text)
    TIM1_CC_IRQHandler                       0x08005d0f   Thumb Code     0  startup_stm32f40_41xxx.o(.text)
    TIM1_TRG_COM_TIM11_IRQHandler            0x08005d0f   Thumb Code     0  startup_stm32f40_41xxx.o(.text)
    TIM1_UP_TIM10_IRQHandler                 0x08005d0f   Thumb Code     0  startup_stm32f40_41xxx.o(.text)
    TIM2_IRQHandler                          0x08005d0f   Thumb Code     0  startup_stm32f40_41xxx.o(.text)
    TIM4_IRQHandler                          0x08005d0f   Thumb Code     0  startup_stm32f40_41xxx.o(.text)
    TIM5_IRQHandler                          0x08005d0f   Thumb Code     0  startup_stm32f40_41xxx.o(.text)
    TIM6_DAC_IRQHandler                      0x08005d0f   Thumb Code     0  startup_stm32f40_41xxx.o(.text)
    TIM7_IRQHandler                          0x08005d0f   Thumb Code     0  startup_stm32f40_41xxx.o(.text)
    TIM8_BRK_TIM12_IRQHandler                0x08005d0f   Thumb Code     0  startup_stm32f40_41xxx.o(.text)
    TIM8_CC_IRQHandler                       0x08005d0f   Thumb Code     0  startup_stm32f40_41xxx.o(.text)
    TIM8_TRG_COM_TIM14_IRQHandler            0x08005d0f   Thumb Code     0  startup_stm32f40_41xxx.o(.text)
    TIM8_UP_TIM13_IRQHandler                 0x08005d0f   Thumb Code     0  startup_stm32f40_41xxx.o(.text)
    UART4_IRQHandler                         0x08005d0f   Thumb Code     0  startup_stm32f40_41xxx.o(.text)
    UART5_IRQHandler                         0x08005d0f   Thumb Code     0  startup_stm32f40_41xxx.o(.text)
    USART2_IRQHandler                        0x08005d0f   Thumb Code     0  startup_stm32f40_41xxx.o(.text)
    USART3_IRQHandler                        0x08005d0f   Thumb Code     0  startup_stm32f40_41xxx.o(.text)
    USART6_IRQHandler                        0x08005d0f   Thumb Code     0  startup_stm32f40_41xxx.o(.text)
    WWDG_IRQHandler                          0x08005d0f   Thumb Code     0  startup_stm32f40_41xxx.o(.text)
    __user_initial_stackheap                 0x08005d11   Thumb Code     0  startup_stm32f40_41xxx.o(.text)
    NVIC_PriorityGroupConfig                 0x08005d35   Thumb Code    10  misc.o(.text)
    NVIC_Init                                0x08005d3f   Thumb Code   106  misc.o(.text)
    NVIC_SetVectorTable                      0x08005da9   Thumb Code    14  misc.o(.text)
    NVIC_SystemLPConfig                      0x08005db7   Thumb Code    34  misc.o(.text)
    SysTick_CLKSourceConfig                  0x08005dd9   Thumb Code    40  misc.o(.text)
    GPIO_DeInit                              0x08005e15   Thumb Code   268  stm32f4xx_gpio.o(.text)
    GPIO_Init                                0x08005f21   Thumb Code   144  stm32f4xx_gpio.o(.text)
    GPIO_StructInit                          0x08005fb1   Thumb Code    18  stm32f4xx_gpio.o(.text)
    GPIO_PinLockConfig                       0x08005fc3   Thumb Code    34  stm32f4xx_gpio.o(.text)
    GPIO_ReadInputDataBit                    0x08005fe5   Thumb Code    18  stm32f4xx_gpio.o(.text)
    GPIO_ReadInputData                       0x08005ff7   Thumb Code     8  stm32f4xx_gpio.o(.text)
    GPIO_ReadOutputDataBit                   0x08005fff   Thumb Code    18  stm32f4xx_gpio.o(.text)
    GPIO_ReadOutputData                      0x08006011   Thumb Code     8  stm32f4xx_gpio.o(.text)
    GPIO_SetBits                             0x08006019   Thumb Code     4  stm32f4xx_gpio.o(.text)
    GPIO_ResetBits                           0x0800601d   Thumb Code     4  stm32f4xx_gpio.o(.text)
    GPIO_WriteBit                            0x08006021   Thumb Code    10  stm32f4xx_gpio.o(.text)
    GPIO_Write                               0x0800602b   Thumb Code     4  stm32f4xx_gpio.o(.text)
    GPIO_ToggleBits                          0x0800602f   Thumb Code     8  stm32f4xx_gpio.o(.text)
    GPIO_PinAFConfig                         0x08006037   Thumb Code    70  stm32f4xx_gpio.o(.text)
    SDIO_DeInit                              0x080060a9   Thumb Code    22  stm32f4xx_sdio.o(.text)
    SDIO_Init                                0x080060bf   Thumb Code    42  stm32f4xx_sdio.o(.text)
    SDIO_StructInit                          0x080060e9   Thumb Code    16  stm32f4xx_sdio.o(.text)
    SDIO_ClockCmd                            0x080060f9   Thumb Code     6  stm32f4xx_sdio.o(.text)
    SDIO_SetPowerState                       0x080060ff   Thumb Code     8  stm32f4xx_sdio.o(.text)
    SDIO_GetPowerState                       0x08006107   Thumb Code    12  stm32f4xx_sdio.o(.text)
    SDIO_SendCommand                         0x08006113   Thumb Code    42  stm32f4xx_sdio.o(.text)
    SDIO_CmdStructInit                       0x0800613d   Thumb Code    14  stm32f4xx_sdio.o(.text)
    SDIO_GetCommandResponse                  0x0800614b   Thumb Code    10  stm32f4xx_sdio.o(.text)
    SDIO_GetResponse                         0x08006155   Thumb Code    22  stm32f4xx_sdio.o(.text)
    SDIO_DataConfig                          0x0800616b   Thumb Code    48  stm32f4xx_sdio.o(.text)
    SDIO_DataStructInit                      0x0800619b   Thumb Code    20  stm32f4xx_sdio.o(.text)
    SDIO_GetDataCounter                      0x080061af   Thumb Code     8  stm32f4xx_sdio.o(.text)
    SDIO_ReadData                            0x080061b7   Thumb Code     8  stm32f4xx_sdio.o(.text)
    SDIO_WriteData                           0x080061bf   Thumb Code     8  stm32f4xx_sdio.o(.text)
    SDIO_GetFIFOCount                        0x080061c7   Thumb Code     8  stm32f4xx_sdio.o(.text)
    SDIO_StartSDIOReadWait                   0x080061cf   Thumb Code     6  stm32f4xx_sdio.o(.text)
    SDIO_StopSDIOReadWait                    0x080061d5   Thumb Code     8  stm32f4xx_sdio.o(.text)
    SDIO_SetSDIOReadWaitMode                 0x080061dd   Thumb Code     8  stm32f4xx_sdio.o(.text)
    SDIO_SetSDIOOperation                    0x080061e5   Thumb Code     8  stm32f4xx_sdio.o(.text)
    SDIO_SendSDIOSuspendCmd                  0x080061ed   Thumb Code     6  stm32f4xx_sdio.o(.text)
    SDIO_CommandCompletionCmd                0x080061f3   Thumb Code     8  stm32f4xx_sdio.o(.text)
    SDIO_CEATAITCmd                          0x080061fb   Thumb Code    12  stm32f4xx_sdio.o(.text)
    SDIO_SendCEATACmd                        0x08006207   Thumb Code     8  stm32f4xx_sdio.o(.text)
    SDIO_DMACmd                              0x0800620f   Thumb Code     8  stm32f4xx_sdio.o(.text)
    SDIO_ITConfig                            0x08006217   Thumb Code    34  stm32f4xx_sdio.o(.text)
    SDIO_GetFlagStatus                       0x08006239   Thumb Code    22  stm32f4xx_sdio.o(.text)
    SDIO_ClearFlag                           0x0800624f   Thumb Code     8  stm32f4xx_sdio.o(.text)
    SDIO_GetITStatus                         0x08006257   Thumb Code    22  stm32f4xx_sdio.o(.text)
    SDIO_ClearITPendingBit                   0x0800626d   Thumb Code     8  stm32f4xx_sdio.o(.text)
    RCC_DeInit                               0x08006285   Thumb Code    82  stm32f4xx_rcc.o(.text)
    RCC_HSEConfig                            0x080062d7   Thumb Code    14  stm32f4xx_rcc.o(.text)
    RCC_GetFlagStatus                        0x080062e5   Thumb Code    60  stm32f4xx_rcc.o(.text)
    RCC_WaitForHSEStartUp                    0x08006321   Thumb Code    56  stm32f4xx_rcc.o(.text)
    RCC_AdjustHSICalibrationValue            0x08006359   Thumb Code    20  stm32f4xx_rcc.o(.text)
    RCC_HSICmd                               0x0800636d   Thumb Code     6  stm32f4xx_rcc.o(.text)
    RCC_LSEConfig                            0x08006373   Thumb Code    46  stm32f4xx_rcc.o(.text)
    RCC_LSICmd                               0x080063a1   Thumb Code     6  stm32f4xx_rcc.o(.text)
    RCC_PLLConfig                            0x080063a7   Thumb Code    32  stm32f4xx_rcc.o(.text)
    RCC_PLLCmd                               0x080063c7   Thumb Code     6  stm32f4xx_rcc.o(.text)
    RCC_PLLI2SConfig                         0x080063cd   Thumb Code    14  stm32f4xx_rcc.o(.text)
    RCC_PLLI2SCmd                            0x080063db   Thumb Code     6  stm32f4xx_rcc.o(.text)
    RCC_PLLSAIConfig                         0x080063e1   Thumb Code    20  stm32f4xx_rcc.o(.text)
    RCC_PLLSAICmd                            0x080063f5   Thumb Code     6  stm32f4xx_rcc.o(.text)
    RCC_ClockSecuritySystemCmd               0x080063fb   Thumb Code     6  stm32f4xx_rcc.o(.text)
    RCC_MCO1Config                           0x08006401   Thumb Code    28  stm32f4xx_rcc.o(.text)
    RCC_MCO2Config                           0x0800641d   Thumb Code    28  stm32f4xx_rcc.o(.text)
    RCC_SYSCLKConfig                         0x08006439   Thumb Code    20  stm32f4xx_rcc.o(.text)
    RCC_GetSYSCLKSource                      0x0800644d   Thumb Code    12  stm32f4xx_rcc.o(.text)
    RCC_HCLKConfig                           0x08006459   Thumb Code    20  stm32f4xx_rcc.o(.text)
    RCC_PCLK1Config                          0x0800646d   Thumb Code    20  stm32f4xx_rcc.o(.text)
    RCC_PCLK2Config                          0x08006481   Thumb Code    22  stm32f4xx_rcc.o(.text)
    RCC_GetClocksFreq                        0x08006497   Thumb Code   222  stm32f4xx_rcc.o(.text)
    RCC_RTCCLKConfig                         0x08006575   Thumb Code    54  stm32f4xx_rcc.o(.text)
    RCC_RTCCLKCmd                            0x080065ab   Thumb Code     8  stm32f4xx_rcc.o(.text)
    RCC_BackupResetCmd                       0x080065b3   Thumb Code     8  stm32f4xx_rcc.o(.text)
    RCC_I2SCLKConfig                         0x080065bb   Thumb Code     6  stm32f4xx_rcc.o(.text)
    RCC_SAIPLLI2SClkDivConfig                0x080065c1   Thumb Code    26  stm32f4xx_rcc.o(.text)
    RCC_SAIPLLSAIClkDivConfig                0x080065db   Thumb Code    28  stm32f4xx_rcc.o(.text)
    RCC_SAIBlockACLKConfig                   0x080065f7   Thumb Code    20  stm32f4xx_rcc.o(.text)
    RCC_SAIBlockBCLKConfig                   0x0800660b   Thumb Code    20  stm32f4xx_rcc.o(.text)
    RCC_LTDCCLKDivConfig                     0x0800661f   Thumb Code    20  stm32f4xx_rcc.o(.text)
    RCC_TIMCLKPresConfig                     0x08006633   Thumb Code     6  stm32f4xx_rcc.o(.text)
    RCC_AHB1PeriphClockCmd                   0x08006639   Thumb Code    34  stm32f4xx_rcc.o(.text)
    RCC_AHB2PeriphClockCmd                   0x0800665b   Thumb Code    78  stm32f4xx_rcc.o(.text)
    RCC_AHB3PeriphClockCmd                   0x080066a9   Thumb Code    34  stm32f4xx_rcc.o(.text)
    RCC_APB1PeriphClockCmd                   0x080066cb   Thumb Code    34  stm32f4xx_rcc.o(.text)
    RCC_APB2PeriphClockCmd                   0x080066ed   Thumb Code    34  stm32f4xx_rcc.o(.text)
    RCC_AHB1PeriphResetCmd                   0x0800670f   Thumb Code    34  stm32f4xx_rcc.o(.text)
    RCC_AHB2PeriphResetCmd                   0x08006731   Thumb Code    34  stm32f4xx_rcc.o(.text)
    RCC_AHB3PeriphResetCmd                   0x08006753   Thumb Code    34  stm32f4xx_rcc.o(.text)
    RCC_APB1PeriphResetCmd                   0x08006775   Thumb Code    34  stm32f4xx_rcc.o(.text)
    RCC_APB2PeriphResetCmd                   0x08006797   Thumb Code    34  stm32f4xx_rcc.o(.text)
    RCC_AHB1PeriphClockLPModeCmd             0x080067b9   Thumb Code    34  stm32f4xx_rcc.o(.text)
    RCC_AHB2PeriphClockLPModeCmd             0x080067db   Thumb Code    34  stm32f4xx_rcc.o(.text)
    RCC_AHB3PeriphClockLPModeCmd             0x080067fd   Thumb Code    34  stm32f4xx_rcc.o(.text)
    RCC_APB1PeriphClockLPModeCmd             0x0800681f   Thumb Code    34  stm32f4xx_rcc.o(.text)
    RCC_APB2PeriphClockLPModeCmd             0x08006841   Thumb Code    34  stm32f4xx_rcc.o(.text)
    RCC_LSEModeConfig                        0x08006863   Thumb Code    40  stm32f4xx_rcc.o(.text)
    RCC_ITConfig                             0x0800688b   Thumb Code    34  stm32f4xx_rcc.o(.text)
    RCC_ClearFlag                            0x080068ad   Thumb Code    18  stm32f4xx_rcc.o(.text)
    RCC_GetITStatus                          0x080068bf   Thumb Code    22  stm32f4xx_rcc.o(.text)
    RCC_ClearITPendingBit                    0x080068d5   Thumb Code     8  stm32f4xx_rcc.o(.text)
    SYSCFG_DeInit                            0x080068e1   Thumb Code    22  stm32f4xx_syscfg.o(.text)
    SYSCFG_MemoryRemapConfig                 0x080068f7   Thumb Code     6  stm32f4xx_syscfg.o(.text)
    SYSCFG_MemorySwappingBank                0x080068fd   Thumb Code     6  stm32f4xx_syscfg.o(.text)
    SYSCFG_EXTILineConfig                    0x08006903   Thumb Code    66  stm32f4xx_syscfg.o(.text)
    SYSCFG_ETH_MediaInterfaceConfig          0x08006945   Thumb Code     8  stm32f4xx_syscfg.o(.text)
    SYSCFG_CompensationCellCmd               0x0800694d   Thumb Code     6  stm32f4xx_syscfg.o(.text)
    SYSCFG_GetCompensationCellStatus         0x08006953   Thumb Code    22  stm32f4xx_syscfg.o(.text)
    USART_DeInit                             0x08006975   Thumb Code   206  stm32f4xx_usart.o(.text)
    USART_Init                               0x08006a43   Thumb Code   204  stm32f4xx_usart.o(.text)
    USART_StructInit                         0x08006b0f   Thumb Code    24  stm32f4xx_usart.o(.text)
    USART_ClockInit                          0x08006b27   Thumb Code    32  stm32f4xx_usart.o(.text)
    USART_ClockStructInit                    0x08006b47   Thumb Code    12  stm32f4xx_usart.o(.text)
    USART_Cmd                                0x08006b53   Thumb Code    24  stm32f4xx_usart.o(.text)
    USART_SetPrescaler                       0x08006b6b   Thumb Code    16  stm32f4xx_usart.o(.text)
    USART_OverSampling8Cmd                   0x08006b7b   Thumb Code    22  stm32f4xx_usart.o(.text)
    USART_OneBitMethodCmd                    0x08006b91   Thumb Code    24  stm32f4xx_usart.o(.text)
    USART_SendData                           0x08006ba9   Thumb Code     8  stm32f4xx_usart.o(.text)
    USART_ReceiveData                        0x08006bb1   Thumb Code    10  stm32f4xx_usart.o(.text)
    USART_SetAddress                         0x08006bbb   Thumb Code    18  stm32f4xx_usart.o(.text)
    USART_ReceiverWakeUpCmd                  0x08006bcd   Thumb Code    24  stm32f4xx_usart.o(.text)
    USART_WakeUpConfig                       0x08006be5   Thumb Code    18  stm32f4xx_usart.o(.text)
    USART_LINBreakDetectLengthConfig         0x08006bf7   Thumb Code    18  stm32f4xx_usart.o(.text)
    USART_LINCmd                             0x08006c09   Thumb Code    24  stm32f4xx_usart.o(.text)
    USART_SendBreak                          0x08006c21   Thumb Code    10  stm32f4xx_usart.o(.text)
    USART_HalfDuplexCmd                      0x08006c2b   Thumb Code    24  stm32f4xx_usart.o(.text)
    USART_SetGuardTime                       0x08006c43   Thumb Code    16  stm32f4xx_usart.o(.text)
    USART_SmartCardCmd                       0x08006c53   Thumb Code    24  stm32f4xx_usart.o(.text)
    USART_SmartCardNACKCmd                   0x08006c6b   Thumb Code    24  stm32f4xx_usart.o(.text)
    USART_IrDAConfig                         0x08006c83   Thumb Code    18  stm32f4xx_usart.o(.text)
    USART_IrDACmd                            0x08006c95   Thumb Code    24  stm32f4xx_usart.o(.text)
    USART_DMACmd                             0x08006cad   Thumb Code    18  stm32f4xx_usart.o(.text)
    USART_ITConfig                           0x08006cbf   Thumb Code    74  stm32f4xx_usart.o(.text)
    USART_GetFlagStatus                      0x08006d09   Thumb Code    26  stm32f4xx_usart.o(.text)
    USART_ClearFlag                          0x08006d23   Thumb Code    18  stm32f4xx_usart.o(.text)
    USART_GetITStatus                        0x08006d35   Thumb Code   118  stm32f4xx_usart.o(.text)
    USART_ClearITPendingBit                  0x08006dab   Thumb Code    30  stm32f4xx_usart.o(.text)
    DMA_DeInit                               0x08006dc9   Thumb Code   324  stm32f4xx_dma.o(.text)
    DMA_Init                                 0x08006f0d   Thumb Code    82  stm32f4xx_dma.o(.text)
    DMA_StructInit                           0x08006f5f   Thumb Code    34  stm32f4xx_dma.o(.text)
    DMA_Cmd                                  0x08006f81   Thumb Code    22  stm32f4xx_dma.o(.text)
    DMA_PeriphIncOffsetSizeConfig            0x08006f97   Thumb Code    22  stm32f4xx_dma.o(.text)
    DMA_FlowControllerConfig                 0x08006fad   Thumb Code    22  stm32f4xx_dma.o(.text)
    DMA_SetCurrDataCounter                   0x08006fc3   Thumb Code     4  stm32f4xx_dma.o(.text)
    DMA_GetCurrDataCounter                   0x08006fc7   Thumb Code     8  stm32f4xx_dma.o(.text)
    DMA_DoubleBufferModeConfig               0x08006fcf   Thumb Code    24  stm32f4xx_dma.o(.text)
    DMA_DoubleBufferModeCmd                  0x08006fe7   Thumb Code    22  stm32f4xx_dma.o(.text)
    DMA_MemoryTargetConfig                   0x08006ffd   Thumb Code    10  stm32f4xx_dma.o(.text)
    DMA_GetCurrentMemoryTarget               0x08007007   Thumb Code    20  stm32f4xx_dma.o(.text)
    DMA_GetCmdStatus                         0x0800701b   Thumb Code    20  stm32f4xx_dma.o(.text)
    DMA_GetFIFOStatus                        0x0800702f   Thumb Code    12  stm32f4xx_dma.o(.text)
    DMA_GetFlagStatus                        0x0800703b   Thumb Code    56  stm32f4xx_dma.o(.text)
    DMA_ClearFlag                            0x08007073   Thumb Code    40  stm32f4xx_dma.o(.text)
    DMA_ITConfig                             0x0800709b   Thumb Code    58  stm32f4xx_dma.o(.text)
    DMA_GetITStatus                          0x080070d5   Thumb Code    84  stm32f4xx_dma.o(.text)
    DMA_ClearITPendingBit                    0x08007129   Thumb Code    40  stm32f4xx_dma.o(.text)
    TIM_DeInit                               0x08007171   Thumb Code   346  stm32f4xx_tim.o(.text)
    TIM_TimeBaseInit                         0x080072cb   Thumb Code   104  stm32f4xx_tim.o(.text)
    TIM_TimeBaseStructInit                   0x08007333   Thumb Code    18  stm32f4xx_tim.o(.text)
    TIM_PrescalerConfig                      0x08007345   Thumb Code     6  stm32f4xx_tim.o(.text)
    TIM_CounterModeConfig                    0x0800734b   Thumb Code    18  stm32f4xx_tim.o(.text)
    TIM_SetCounter                           0x0800735d   Thumb Code     4  stm32f4xx_tim.o(.text)
    TIM_SetAutoreload                        0x08007361   Thumb Code     4  stm32f4xx_tim.o(.text)
    TIM_GetCounter                           0x08007365   Thumb Code     6  stm32f4xx_tim.o(.text)
    TIM_GetPrescaler                         0x0800736b   Thumb Code     6  stm32f4xx_tim.o(.text)
    TIM_UpdateDisableConfig                  0x08007371   Thumb Code    24  stm32f4xx_tim.o(.text)
    TIM_UpdateRequestConfig                  0x08007389   Thumb Code    24  stm32f4xx_tim.o(.text)
    TIM_ARRPreloadConfig                     0x080073a1   Thumb Code    24  stm32f4xx_tim.o(.text)
    TIM_SelectOnePulseMode                   0x080073b9   Thumb Code    18  stm32f4xx_tim.o(.text)
    TIM_SetClockDivision                     0x080073cb   Thumb Code    18  stm32f4xx_tim.o(.text)
    TIM_Cmd                                  0x080073dd   Thumb Code    24  stm32f4xx_tim.o(.text)
    TIM_OC1Init                              0x080073f5   Thumb Code   114  stm32f4xx_tim.o(.text)
    TIM_OC2Init                              0x08007467   Thumb Code   154  stm32f4xx_tim.o(.text)
    TIM_OC3Init                              0x08007501   Thumb Code   204  stm32f4xx_tim.o(.text)
    TIM_OC4Init                              0x080075cd   Thumb Code   112  stm32f4xx_tim.o(.text)
    TIM_OCStructInit                         0x0800763d   Thumb Code    20  stm32f4xx_tim.o(.text)
    TIM_SelectOCxM                           0x08007651   Thumb Code    86  stm32f4xx_tim.o(.text)
    TIM_SetCompare1                          0x080076a7   Thumb Code     4  stm32f4xx_tim.o(.text)
    TIM_SetCompare2                          0x080076ab   Thumb Code     4  stm32f4xx_tim.o(.text)
    TIM_SetCompare3                          0x080076af   Thumb Code     4  stm32f4xx_tim.o(.text)
    TIM_SetCompare4                          0x080076b3   Thumb Code     4  stm32f4xx_tim.o(.text)
    TIM_ForcedOC1Config                      0x080076b7   Thumb Code    18  stm32f4xx_tim.o(.text)
    TIM_ForcedOC2Config                      0x080076c9   Thumb Code    26  stm32f4xx_tim.o(.text)
    TIM_ForcedOC3Config                      0x080076e3   Thumb Code    18  stm32f4xx_tim.o(.text)
    TIM_ForcedOC4Config                      0x080076f5   Thumb Code    26  stm32f4xx_tim.o(.text)
    TIM_OC1PreloadConfig                     0x0800770f   Thumb Code    18  stm32f4xx_tim.o(.text)
    TIM_OC2PreloadConfig                     0x08007721   Thumb Code    26  stm32f4xx_tim.o(.text)
    TIM_OC3PreloadConfig                     0x0800773b   Thumb Code    18  stm32f4xx_tim.o(.text)
    TIM_OC4PreloadConfig                     0x0800774d   Thumb Code    26  stm32f4xx_tim.o(.text)
    TIM_OC1FastConfig                        0x08007767   Thumb Code    18  stm32f4xx_tim.o(.text)
    TIM_OC2FastConfig                        0x08007779   Thumb Code    26  stm32f4xx_tim.o(.text)
    TIM_OC3FastConfig                        0x08007793   Thumb Code    18  stm32f4xx_tim.o(.text)
    TIM_OC4FastConfig                        0x080077a5   Thumb Code    26  stm32f4xx_tim.o(.text)
    TIM_ClearOC1Ref                          0x080077bf   Thumb Code    18  stm32f4xx_tim.o(.text)
    TIM_ClearOC2Ref                          0x080077d1   Thumb Code    24  stm32f4xx_tim.o(.text)
    TIM_ClearOC3Ref                          0x080077e9   Thumb Code    18  stm32f4xx_tim.o(.text)
    TIM_ClearOC4Ref                          0x080077fb   Thumb Code    24  stm32f4xx_tim.o(.text)
    TIM_OC1PolarityConfig                    0x08007813   Thumb Code    18  stm32f4xx_tim.o(.text)
    TIM_OC1NPolarityConfig                   0x08007825   Thumb Code    18  stm32f4xx_tim.o(.text)
    TIM_OC2PolarityConfig                    0x08007837   Thumb Code    26  stm32f4xx_tim.o(.text)
    TIM_OC2NPolarityConfig                   0x08007851   Thumb Code    26  stm32f4xx_tim.o(.text)
    TIM_OC3PolarityConfig                    0x0800786b   Thumb Code    26  stm32f4xx_tim.o(.text)
    TIM_OC3NPolarityConfig                   0x08007885   Thumb Code    26  stm32f4xx_tim.o(.text)
    TIM_OC4PolarityConfig                    0x0800789f   Thumb Code    26  stm32f4xx_tim.o(.text)
    TIM_CCxCmd                               0x080078b9   Thumb Code    30  stm32f4xx_tim.o(.text)
    TIM_CCxNCmd                              0x080078d7   Thumb Code    30  stm32f4xx_tim.o(.text)
    TIM_SetIC4Prescaler                      0x080078f5   Thumb Code    26  stm32f4xx_tim.o(.text)
    TIM_SetIC3Prescaler                      0x0800795f   Thumb Code    18  stm32f4xx_tim.o(.text)
    TIM_SetIC2Prescaler                      0x080079b9   Thumb Code    26  stm32f4xx_tim.o(.text)
    TIM_SetIC1Prescaler                      0x08007a2d   Thumb Code    18  stm32f4xx_tim.o(.text)
    TIM_ICInit                               0x08007a79   Thumb Code   110  stm32f4xx_tim.o(.text)
    TIM_ICStructInit                         0x08007ae7   Thumb Code    18  stm32f4xx_tim.o(.text)
    TIM_PWMIConfig                           0x08007af9   Thumb Code   124  stm32f4xx_tim.o(.text)
    TIM_GetCapture1                          0x08007b75   Thumb Code     6  stm32f4xx_tim.o(.text)
    TIM_GetCapture2                          0x08007b7b   Thumb Code     6  stm32f4xx_tim.o(.text)
    TIM_GetCapture3                          0x08007b81   Thumb Code     6  stm32f4xx_tim.o(.text)
    TIM_GetCapture4                          0x08007b87   Thumb Code     6  stm32f4xx_tim.o(.text)
    TIM_BDTRConfig                           0x08007b8d   Thumb Code    32  stm32f4xx_tim.o(.text)
    TIM_BDTRStructInit                       0x08007bad   Thumb Code    18  stm32f4xx_tim.o(.text)
    TIM_CtrlPWMOutputs                       0x08007bbf   Thumb Code    30  stm32f4xx_tim.o(.text)
    TIM_SelectCOM                            0x08007bdd   Thumb Code    24  stm32f4xx_tim.o(.text)
    TIM_CCPreloadControl                     0x08007bf5   Thumb Code    24  stm32f4xx_tim.o(.text)
    TIM_ITConfig                             0x08007c0d   Thumb Code    18  stm32f4xx_tim.o(.text)
    TIM_GenerateEvent                        0x08007c1f   Thumb Code     4  stm32f4xx_tim.o(.text)
    TIM_GetFlagStatus                        0x08007c23   Thumb Code    18  stm32f4xx_tim.o(.text)
    TIM_ClearFlag                            0x08007c35   Thumb Code     6  stm32f4xx_tim.o(.text)
    TIM_GetITStatus                          0x08007c3b   Thumb Code    34  stm32f4xx_tim.o(.text)
    TIM_ClearITPendingBit                    0x08007c5d   Thumb Code     6  stm32f4xx_tim.o(.text)
    TIM_DMAConfig                            0x08007c63   Thumb Code    10  stm32f4xx_tim.o(.text)
    TIM_DMACmd                               0x08007c6d   Thumb Code    18  stm32f4xx_tim.o(.text)
    TIM_SelectCCDMA                          0x08007c7f   Thumb Code    24  stm32f4xx_tim.o(.text)
    TIM_InternalClockConfig                  0x08007c97   Thumb Code    12  stm32f4xx_tim.o(.text)
    TIM_SelectInputTrigger                   0x08007ca3   Thumb Code    18  stm32f4xx_tim.o(.text)
    TIM_ITRxExternalClockConfig              0x08007cb5   Thumb Code    24  stm32f4xx_tim.o(.text)
    TIM_TIxExternalClockConfig               0x08007ccd   Thumb Code    62  stm32f4xx_tim.o(.text)
    TIM_ETRConfig                            0x08007d0b   Thumb Code    28  stm32f4xx_tim.o(.text)
    TIM_ETRClockMode1Config                  0x08007d27   Thumb Code    54  stm32f4xx_tim.o(.text)
    TIM_ETRClockMode2Config                  0x08007d5d   Thumb Code    32  stm32f4xx_tim.o(.text)
    TIM_SelectOutputTrigger                  0x08007d7d   Thumb Code    18  stm32f4xx_tim.o(.text)
    TIM_SelectSlaveMode                      0x08007d8f   Thumb Code    18  stm32f4xx_tim.o(.text)
    TIM_SelectMasterSlaveMode                0x08007da1   Thumb Code    18  stm32f4xx_tim.o(.text)
    TIM_EncoderInterfaceConfig               0x08007db3   Thumb Code    66  stm32f4xx_tim.o(.text)
    TIM_SelectHallSensor                     0x08007df5   Thumb Code    24  stm32f4xx_tim.o(.text)
    TIM_RemapConfig                          0x08007e0d   Thumb Code     6  stm32f4xx_tim.o(.text)
    SPI_I2S_DeInit                           0x08007e15   Thumb Code   152  stm32f4xx_spi.o(.text)
    SPI_Init                                 0x08007ead   Thumb Code    60  stm32f4xx_spi.o(.text)
    I2S_Init                                 0x08007ee9   Thumb Code   396  stm32f4xx_spi.o(.text)
    SPI_StructInit                           0x08008075   Thumb Code    24  stm32f4xx_spi.o(.text)
    I2S_StructInit                           0x0800808d   Thumb Code    20  stm32f4xx_spi.o(.text)
    SPI_Cmd                                  0x080080a1   Thumb Code    24  stm32f4xx_spi.o(.text)
    I2S_Cmd                                  0x080080b9   Thumb Code    24  stm32f4xx_spi.o(.text)
    SPI_DataSizeConfig                       0x080080d1   Thumb Code    18  stm32f4xx_spi.o(.text)
    SPI_BiDirectionalLineConfig              0x080080e3   Thumb Code    28  stm32f4xx_spi.o(.text)
    SPI_NSSInternalSoftwareConfig            0x080080ff   Thumb Code    30  stm32f4xx_spi.o(.text)
    SPI_SSOutputCmd                          0x0800811d   Thumb Code    24  stm32f4xx_spi.o(.text)
    SPI_TIModeCmd                            0x08008135   Thumb Code    24  stm32f4xx_spi.o(.text)
    I2S_FullDuplexConfig                     0x0800814d   Thumb Code    80  stm32f4xx_spi.o(.text)
    SPI_I2S_ReceiveData                      0x0800819d   Thumb Code     6  stm32f4xx_spi.o(.text)
    SPI_I2S_SendData                         0x080081a3   Thumb Code     4  stm32f4xx_spi.o(.text)
    SPI_CalculateCRC                         0x080081a7   Thumb Code    24  stm32f4xx_spi.o(.text)
    SPI_TransmitCRC                          0x080081bf   Thumb Code    10  stm32f4xx_spi.o(.text)
    SPI_GetCRC                               0x080081c9   Thumb Code    16  stm32f4xx_spi.o(.text)
    SPI_GetCRCPolynomial                     0x080081d9   Thumb Code     6  stm32f4xx_spi.o(.text)
    SPI_I2S_DMACmd                           0x080081df   Thumb Code    18  stm32f4xx_spi.o(.text)
    SPI_I2S_ITConfig                         0x080081f1   Thumb Code    68  stm32f4xx_spi.o(.text)
    SPI_I2S_GetFlagStatus                    0x08008235   Thumb Code    18  stm32f4xx_spi.o(.text)
    SPI_I2S_ClearFlag                        0x08008247   Thumb Code     6  stm32f4xx_spi.o(.text)
    SPI_I2S_GetITStatus                      0x0800824d   Thumb Code    52  stm32f4xx_spi.o(.text)
    SPI_I2S_ClearITPendingBit                0x08008281   Thumb Code    20  stm32f4xx_spi.o(.text)
    RTC_WaitForSynchro                       0x08008295   Thumb Code    92  stm32f4xx_rtc.o(.text)
    RTC_EnterInitMode                        0x080082f1   Thumb Code    84  stm32f4xx_rtc.o(.text)
    RTC_DeInit                               0x08008345   Thumb Code   204  stm32f4xx_rtc.o(.text)
    RTC_ExitInitMode                         0x08008411   Thumb Code    18  stm32f4xx_rtc.o(.text)
    RTC_Init                                 0x08008423   Thumb Code    94  stm32f4xx_rtc.o(.text)
    RTC_StructInit                           0x08008481   Thumb Code    14  stm32f4xx_rtc.o(.text)
    RTC_WriteProtectionCmd                   0x0800848f   Thumb Code    22  stm32f4xx_rtc.o(.text)
    RTC_RefClockCmd                          0x080084a5   Thumb Code    76  stm32f4xx_rtc.o(.text)
    RTC_BypassShadowCmd                      0x080084f1   Thumb Code    54  stm32f4xx_rtc.o(.text)
    RTC_SetTime                              0x08008559   Thumb Code   200  stm32f4xx_rtc.o(.text)
    RTC_TimeStructInit                       0x08008621   Thumb Code    12  stm32f4xx_rtc.o(.text)
    RTC_GetTime                              0x0800862d   Thumb Code    74  stm32f4xx_rtc.o(.text)
    RTC_GetSubSecond                         0x08008677   Thumb Code    30  stm32f4xx_rtc.o(.text)
    RTC_SetDate                              0x08008695   Thumb Code   190  stm32f4xx_rtc.o(.text)
    RTC_DateStructInit                       0x08008753   Thumb Code    14  stm32f4xx_rtc.o(.text)
    RTC_GetDate                              0x08008761   Thumb Code    70  stm32f4xx_rtc.o(.text)
    RTC_SetAlarm                             0x080087a7   Thumb Code   230  stm32f4xx_rtc.o(.text)
    RTC_AlarmStructInit                      0x0800888d   Thumb Code    22  stm32f4xx_rtc.o(.text)
    RTC_GetAlarm                             0x080088a3   Thumb Code   114  stm32f4xx_rtc.o(.text)
    RTC_AlarmCmd                             0x08008915   Thumb Code   112  stm32f4xx_rtc.o(.text)
    RTC_AlarmSubSecondConfig                 0x08008985   Thumb Code    46  stm32f4xx_rtc.o(.text)
    RTC_GetAlarmSubSecond                    0x080089b3   Thumb Code    34  stm32f4xx_rtc.o(.text)
    RTC_WakeUpClockConfig                    0x080089d5   Thumb Code    42  stm32f4xx_rtc.o(.text)
    RTC_SetWakeUpCounter                     0x080089ff   Thumb Code    22  stm32f4xx_rtc.o(.text)
    RTC_GetWakeUpCounter                     0x08008a15   Thumb Code    10  stm32f4xx_rtc.o(.text)
    RTC_WakeUpCmd                            0x08008a1f   Thumb Code   116  stm32f4xx_rtc.o(.text)
    RTC_DayLightSavingConfig                 0x08008a93   Thumb Code    50  stm32f4xx_rtc.o(.text)
    RTC_GetStoreOperation                    0x08008ac5   Thumb Code    12  stm32f4xx_rtc.o(.text)
    RTC_OutputConfig                         0x08008ad1   Thumb Code    60  stm32f4xx_rtc.o(.text)
    RTC_CoarseCalibConfig                    0x08008b0d   Thumb Code    52  stm32f4xx_rtc.o(.text)
    RTC_CoarseCalibCmd                       0x08008b41   Thumb Code    76  stm32f4xx_rtc.o(.text)
    RTC_CalibOutputCmd                       0x08008b8d   Thumb Code    54  stm32f4xx_rtc.o(.text)
    RTC_CalibOutputConfig                    0x08008bc3   Thumb Code    42  stm32f4xx_rtc.o(.text)
    RTC_SmoothCalibConfig                    0x08008bed   Thumb Code    90  stm32f4xx_rtc.o(.text)
    RTC_TimeStampCmd                         0x08008c47   Thumb Code    54  stm32f4xx_rtc.o(.text)
    RTC_GetTimeStamp                         0x08008c7d   Thumb Code   144  stm32f4xx_rtc.o(.text)
    RTC_GetTimeStampSubSecond                0x08008d0d   Thumb Code     8  stm32f4xx_rtc.o(.text)
    RTC_TamperTriggerConfig                  0x08008d15   Thumb Code    38  stm32f4xx_rtc.o(.text)
    RTC_TamperCmd                            0x08008d3b   Thumb Code    34  stm32f4xx_rtc.o(.text)
    RTC_TamperFilterConfig                   0x08008d5d   Thumb Code    26  stm32f4xx_rtc.o(.text)
    RTC_TamperSamplingFreqConfig             0x08008d77   Thumb Code    26  stm32f4xx_rtc.o(.text)
    RTC_TamperPinsPrechargeDuration          0x08008d91   Thumb Code    26  stm32f4xx_rtc.o(.text)
    RTC_TimeStampOnTamperDetectionCmd        0x08008dab   Thumb Code    38  stm32f4xx_rtc.o(.text)
    RTC_TamperPullUpCmd                      0x08008dd1   Thumb Code    38  stm32f4xx_rtc.o(.text)
    RTC_WriteBackupRegister                  0x08008df7   Thumb Code    26  stm32f4xx_rtc.o(.text)
    RTC_ReadBackupRegister                   0x08008e11   Thumb Code    28  stm32f4xx_rtc.o(.text)
    RTC_TamperPinSelection                   0x08008e2d   Thumb Code    26  stm32f4xx_rtc.o(.text)
    RTC_TimeStampPinSelection                0x08008e47   Thumb Code    26  stm32f4xx_rtc.o(.text)
    RTC_OutputTypeConfig                     0x08008e61   Thumb Code    26  stm32f4xx_rtc.o(.text)
    RTC_SynchroShiftConfig                   0x08008e7b   Thumb Code   130  stm32f4xx_rtc.o(.text)
    RTC_ITConfig                             0x08008efd   Thumb Code    94  stm32f4xx_rtc.o(.text)
    RTC_GetFlagStatus                        0x08008f5b   Thumb Code    34  stm32f4xx_rtc.o(.text)
    RTC_ClearFlag                            0x08008f7d   Thumb Code    28  stm32f4xx_rtc.o(.text)
    RTC_GetITStatus                          0x08008f99   Thumb Code    60  stm32f4xx_rtc.o(.text)
    RTC_ClearITPendingBit                    0x08008fd5   Thumb Code    32  stm32f4xx_rtc.o(.text)
    PWR_DeInit                               0x08008ffd   Thumb Code    22  stm32f4xx_pwr.o(.text)
    PWR_BackupAccessCmd                      0x08009013   Thumb Code     6  stm32f4xx_pwr.o(.text)
    PWR_PVDLevelConfig                       0x08009019   Thumb Code    18  stm32f4xx_pwr.o(.text)
    PWR_PVDCmd                               0x0800902b   Thumb Code     6  stm32f4xx_pwr.o(.text)
    PWR_WakeUpPinCmd                         0x08009031   Thumb Code     8  stm32f4xx_pwr.o(.text)
    PWR_BackupRegulatorCmd                   0x08009039   Thumb Code     8  stm32f4xx_pwr.o(.text)
    PWR_MainRegulatorModeConfig              0x08009041   Thumb Code    18  stm32f4xx_pwr.o(.text)
    PWR_OverDriveCmd                         0x08009053   Thumb Code     6  stm32f4xx_pwr.o(.text)
    PWR_OverDriveSWCmd                       0x08009059   Thumb Code     6  stm32f4xx_pwr.o(.text)
    PWR_UnderDriveCmd                        0x0800905f   Thumb Code    30  stm32f4xx_pwr.o(.text)
    PWR_MainRegulatorLowVoltageCmd           0x0800907d   Thumb Code    18  stm32f4xx_pwr.o(.text)
    PWR_LowRegulatorLowVoltageCmd            0x0800908f   Thumb Code    18  stm32f4xx_pwr.o(.text)
    PWR_FlashPowerDownCmd                    0x080090a1   Thumb Code     6  stm32f4xx_pwr.o(.text)
    PWR_EnterSTOPMode                        0x080090a7   Thumb Code    58  stm32f4xx_pwr.o(.text)
    PWR_EnterUnderDriveSTOPMode              0x080090e1   Thumb Code    58  stm32f4xx_pwr.o(.text)
    PWR_EnterSTANDBYMode                     0x0800911b   Thumb Code    32  stm32f4xx_pwr.o(.text)
    PWR_GetFlagStatus                        0x0800913b   Thumb Code    20  stm32f4xx_pwr.o(.text)
    PWR_ClearFlag                            0x0800914f   Thumb Code    14  stm32f4xx_pwr.o(.text)
    EXTI_DeInit                              0x08009169   Thumb Code    28  stm32f4xx_exti.o(.text)
    EXTI_Init                                0x08009185   Thumb Code   142  stm32f4xx_exti.o(.text)
    EXTI_StructInit                          0x08009213   Thumb Code    16  stm32f4xx_exti.o(.text)
    EXTI_GenerateSWInterrupt                 0x08009223   Thumb Code    16  stm32f4xx_exti.o(.text)
    EXTI_GetFlagStatus                       0x08009233   Thumb Code    22  stm32f4xx_exti.o(.text)
    EXTI_ClearFlag                           0x08009249   Thumb Code     8  stm32f4xx_exti.o(.text)
    EXTI_GetITStatus                         0x08009251   Thumb Code    22  stm32f4xx_exti.o(.text)
    EXTI_ClearITPendingBit                   0x08009267   Thumb Code     8  stm32f4xx_exti.o(.text)
    mymemcpy                                 0x08009279   Thumb Code    26  malloc.o(.text)
    mymemset                                 0x08009293   Thumb Code    20  malloc.o(.text)
    my_mem_init                              0x080092a7   Thumb Code    54  malloc.o(.text)
    my_mem_perused                           0x080092dd   Thumb Code    54  malloc.o(.text)
    my_mem_malloc                            0x08009313   Thumb Code   154  malloc.o(.text)
    my_mem_free                              0x080093ad   Thumb Code    94  malloc.o(.text)
    myfree                                   0x0800940b   Thumb Code    32  malloc.o(.text)
    mymalloc                                 0x0800942b   Thumb Code    36  malloc.o(.text)
    myrealloc                                0x0800944f   Thumb Code    68  malloc.o(.text)
    disk_initialize                          0x080094a5   Thumb Code    52  diskio.o(.text)
    disk_status                              0x080094d9   Thumb Code     6  diskio.o(.text)
    disk_read                                0x080094df   Thumb Code   122  diskio.o(.text)
    disk_write                               0x08009559   Thumb Code   122  diskio.o(.text)
    disk_ioctl                               0x080095d3   Thumb Code   170  diskio.o(.text)
    get_fattime                              0x0800967d   Thumb Code     4  diskio.o(.text)
    ff_memalloc                              0x08009681   Thumb Code    14  diskio.o(.text)
    ff_memfree                               0x0800968f   Thumb Code    14  diskio.o(.text)
    clust2sect                               0x08009853   Thumb Code    26  ff.o(.text)
    get_fat                                  0x0800986d   Thumb Code   232  ff.o(.text)
    put_fat                                  0x08009955   Thumb Code   310  ff.o(.text)
    dir_sdi                                  0x08009bff   Thumb Code   158  ff.o(.text)
    f_mount                                  0x0800ac71   Thumb Code    86  ff.o(.text)
    f_open                                   0x0800acc7   Thumb Code   384  ff.o(.text)
    f_read                                   0x0800ae47   Thumb Code   448  ff.o(.text)
    f_write                                  0x0800b007   Thumb Code   490  ff.o(.text)
    f_sync                                   0x0800b1f1   Thumb Code   176  ff.o(.text)
    f_close                                  0x0800b2a1   Thumb Code    36  ff.o(.text)
    f_lseek                                  0x0800b2c5   Thumb Code   654  ff.o(.text)
    f_opendir                                0x0800b553   Thumb Code   136  ff.o(.text)
    f_closedir                               0x0800b5db   Thumb Code    22  ff.o(.text)
    f_readdir                                0x0800b5f1   Thumb Code   114  ff.o(.text)
    f_stat                                   0x0800b663   Thumb Code    84  ff.o(.text)
    f_getfree                                0x0800b6b7   Thumb Code   258  ff.o(.text)
    f_truncate                               0x0800b7b9   Thumb Code   184  ff.o(.text)
    f_unlink                                 0x0800b871   Thumb Code   194  ff.o(.text)
    f_mkdir                                  0x0800b933   Thumb Code   380  ff.o(.text)
    f_chmod                                  0x0800baaf   Thumb Code   112  ff.o(.text)
    f_utime                                  0x0800bb1f   Thumb Code   110  ff.o(.text)
    f_rename                                 0x0800bb8d   Thumb Code   314  ff.o(.text)
    f_getlabel                               0x0800bcc7   Thumb Code   190  ff.o(.text)
    f_setlabel                               0x0800bd85   Thumb Code   470  ff.o(.text)
    f_mkfs                                   0x0800bf5b   Thumb Code  1570  ff.o(.text)
    f_gets                                   0x0800c57d   Thumb Code    82  ff.o(.text)
    f_putc                                   0x0800c613   Thumb Code    64  ff.o(.text)
    f_puts                                   0x0800c653   Thumb Code    74  ff.o(.text)
    f_printf                                 0x0800c69d   Thumb Code   674  ff.o(.text)
    exfuns_init                              0x0800c941   Thumb Code   114  exfuns.o(.text)
    char_upper                               0x0800c9b3   Thumb Code    26  exfuns.o(.text)
    f_typetell                               0x0800c9cd   Thumb Code   172  exfuns.o(.text)
    exf_getfree                              0x0800ca79   Thumb Code    74  exfuns.o(.text)
    ff_convert                               0x0800cad9   Thumb Code   116  cc936.o(.text)
    ff_wtoupper                              0x0800cb4d   Thumb Code    46  cc936.o(.text)
    __use_no_semihosting                     0x0800cb8d   Thumb Code     2  use_no_semi_2.o(.text)
    __aeabi_ldivmod                          0x0800cb8f   Thumb Code     0  llsdiv.o(.text)
    _ll_sdiv                                 0x0800cb8f   Thumb Code    72  llsdiv.o(.text)
    __2printf                                0x0800cbd9   Thumb Code    20  noretval__2printf.o(.text)
    __2sprintf                               0x0800cbf1   Thumb Code    34  noretval__2sprintf.o(.text)
    _printf_pre_padding                      0x0800cc19   Thumb Code    44  _printf_pad.o(.text)
    _printf_post_padding                     0x0800cc45   Thumb Code    34  _printf_pad.o(.text)
    _printf_str                              0x0800cc67   Thumb Code    82  _printf_str.o(.text)
    _printf_int_dec                          0x0800ccb9   Thumb Code   104  _printf_dec.o(.text)
    __printf                                 0x0800cd31   Thumb Code   308  __printf_flags_wp.o(.text)
    strcpy                                   0x0800ce69   Thumb Code    72  strcpy.o(.text)
    __aeabi_memcpy                           0x0800ceb1   Thumb Code     0  rt_memcpy_v6.o(.text)
    __rt_memcpy                              0x0800ceb1   Thumb Code   138  rt_memcpy_v6.o(.text)
    _memcpy_lastbytes                        0x0800cf17   Thumb Code     0  rt_memcpy_v6.o(.text)
    __aeabi_memclr                           0x0800cf3b   Thumb Code     0  rt_memclr.o(.text)
    __rt_memclr                              0x0800cf3b   Thumb Code    68  rt_memclr.o(.text)
    _memset                                  0x0800cf3f   Thumb Code     0  rt_memclr.o(.text)
    strcmp                                   0x0800cf81   Thumb Code   128  strcmpv7m.o(.text)
    __use_two_region_memory                  0x0800d001   Thumb Code     2  heapauxi.o(.text)
    __rt_heap_escrow$2region                 0x0800d003   Thumb Code     2  heapauxi.o(.text)
    __rt_heap_expand$2region                 0x0800d005   Thumb Code     2  heapauxi.o(.text)
    __I$use$semihosting                      0x0800d007   Thumb Code     0  use_no_semi.o(.text)
    __use_no_semihosting_swi                 0x0800d007   Thumb Code     2  use_no_semi.o(.text)
    __aeabi_uldivmod                         0x0800d009   Thumb Code     0  lludivv7m.o(.text)
    _ll_udiv                                 0x0800d009   Thumb Code   238  lludivv7m.o(.text)
    _printf_int_common                       0x0800d0f7   Thumb Code   178  _printf_intcommon.o(.text)
    _printf_char_common                      0x0800d1b3   Thumb Code    32  _printf_char_common.o(.text)
    _sputc                                   0x0800d1d9   Thumb Code    10  _sputc.o(.text)
    _printf_cs_common                        0x0800d1e3   Thumb Code    20  _printf_char.o(.text)
    _printf_char                             0x0800d1f7   Thumb Code    16  _printf_char.o(.text)
    _printf_string                           0x0800d207   Thumb Code     8  _printf_char.o(.text)
    _printf_char_file                        0x0800d211   Thumb Code    32  _printf_char_file.o(.text)
    __aeabi_memcpy4                          0x0800d235   Thumb Code     0  rt_memcpy_w.o(.text)
    __aeabi_memcpy8                          0x0800d235   Thumb Code     0  rt_memcpy_w.o(.text)
    __rt_memcpy_w                            0x0800d235   Thumb Code   100  rt_memcpy_w.o(.text)
    _memcpy_lastbytes_aligned                0x0800d27d   Thumb Code     0  rt_memcpy_w.o(.text)
    __aeabi_memclr4                          0x0800d299   Thumb Code     0  rt_memclr_w.o(.text)
    __aeabi_memclr8                          0x0800d299   Thumb Code     0  rt_memclr_w.o(.text)
    __rt_memclr_w                            0x0800d299   Thumb Code    78  rt_memclr_w.o(.text)
    _memset_w                                0x0800d29d   Thumb Code     0  rt_memclr_w.o(.text)
    ferror                                   0x0800d2e7   Thumb Code     8  ferror.o(.text)
    __user_setup_stackheap                   0x0800d2ef   Thumb Code    74  sys_stackheap_outer.o(.text)
    exit                                     0x0800d339   Thumb Code    12  exit.o(.text)
    __user_libspace                          0x0800d345   Thumb Code     8  libspace.o(.text)
    __user_perproc_libspace                  0x0800d345   Thumb Code     0  libspace.o(.text)
    __user_perthread_libspace                0x0800d345   Thumb Code     0  libspace.o(.text)
    _is_digit                                0x0800d34d   Thumb Code    14  __printf_wp.o(i._is_digit)
    _fp_init                                 0x0800d35b   Thumb Code    10  fpinit.o(x$fpl$fpinit)
    __fplib_config_fpu_vfp                   0x0800d363   Thumb Code     0  fpinit.o(x$fpl$fpinit)
    __fplib_config_pureend_doubles           0x0800d363   Thumb Code     0  fpinit.o(x$fpl$fpinit)
    asc2_1206                                0x0800d364   Data        1140  tftlcd.o(.constdata)
    asc2_1608                                0x0800d7d8   Data        1520  tftlcd.o(.constdata)
    asc2_2412                                0x0800ddc8   Data        4560  tftlcd.o(.constdata)
    asc2_3216                                0x0800ef98   Data       12160  tftlcd.o(.constdata)
    ALIENTEK_LOGO                            0x08011f18   Data       18128  tftlcd.o(.constdata)
    memtblsize                               0x080165e8   Data          12  malloc.o(.constdata)
    memblksize                               0x080165f4   Data          12  malloc.o(.constdata)
    memsize                                  0x08016600   Data          12  malloc.o(.constdata)
    FILE_TYPE_TBL                            0x08016648   Data         112  exfuns.o(.constdata)
    Region$$Table$$Base                      0x080413d8   Number         0  anon$$obj.o(Region$$Table)
    Region$$Table$$Limit                     0x080413f8   Number         0  anon$$obj.o(Region$$Table)
    mem3base                                 0x10000000   Data       61440  malloc.o(.ARM.__AT_0x10000000)
    mem3mapbase                              0x1000f000   Data        3840  malloc.o(.ARM.__AT_0x1000F000)
    red_1                                    0x20000000   Data           4  main.o(.data)
    ir_1                                     0x20000004   Data           4  main.o(.data)
    red_2                                    0x20000008   Data           4  main.o(.data)
    ir_2                                     0x2000000c   Data           4  main.o(.data)
    count                                    0x20000010   Data           4  main.o(.data)
    uch_dummy                                0x20000014   Data           1  main.o(.data)
    t                                        0x20000015   Data           1  main.o(.data)
    res                                      0x20000016   Data           1  main.o(.data)
    s                                        0x20000017   Data           1  main.o(.data)
    openfileres                              0x20000018   Data           1  main.o(.data)
    createfileres                            0x20000019   Data           1  main.o(.data)
    dp                                       0x2000001c   Data           4  main.o(.data)
    fno                                      0x20000020   Data           4  main.o(.data)
    path1                                    0x20000024   Data          10  main.o(.data)
    path                                     0x20000030   Data           4  main.o(.data)
    bk                                       0x20000034   Data           4  main.o(.data)
    bww                                      0x20000038   Data           4  main.o(.data)
    i                                        0x2000003c   Data           4  main.o(.data)
    j                                        0x20000040   Data           4  main.o(.data)
    f                                        0x20000044   Data           4  main.o(.data)
    flag                                     0x20000048   Data           1  main.o(.data)
    k                                        0x20000049   Data           1  main.o(.data)
    b                                        0x2000004c   Data           4  main.o(.data)
    RTC_TimeStruct                           0x20000050   Data           4  main.o(.data)
    RTC_DateStruct                           0x20000054   Data           4  main.o(.data)
    FATFSNumSize                             0x20000058   Data           4  main.o(.data)
    filename                                 0x2000005c   Data          80  main.o(.data)
    clock                                    0x200000ac   Data           1  main.o(.data)
    index1                                   0x200000ae   Data           2  main.o(.data)
    index2                                   0x200000b0   Data           2  main.o(.data)
    ir11                                     0x200000b4   Data           4  main.o(.data)
    ir12                                     0x200000b8   Data           4  main.o(.data)
    x                                        0x200000bc   Data           1  main.o(.data)
    sum1                                     0x200000c0   Data           4  main.o(.data)
    sum2                                     0x200000c4   Data           4  main.o(.data)
    a                                        0x200000c8   Data           4  main.o(.data)
    Yinit                                    0x200000cc   Data           2  main.o(.data)
    len                                      0x200000d4   Data           1  main.o(.data)
    str1                                     0x200000d5   Data         200  main.o(.data)
    countmax                                 0x200001a1   Data           1  main.o(.data)
    countmin                                 0x200001a2   Data           1  main.o(.data)
    prepoint                                 0x200001a4   Data           4  main.o(.data)
    starttime                                0x200001a8   Data           1  main.o(.data)
    endtime                                  0x200001a9   Data           1  main.o(.data)
    HR                                       0x200001aa   Data           1  main.o(.data)
    command                                  0x200001ab   Data           1  main.o(.data)
    SystemCoreClock                          0x200001ac   Data           4  system_stm32f4xx.o(.data)
    AHBPrescTable                            0x200001b0   Data          16  system_stm32f4xx.o(.data)
    TransferError                            0x200001ce   Data           1  sdio_sdcard.o(.data)
    TransferEnd                              0x200001cf   Data           1  sdio_sdcard.o(.data)
    tempbuff                                 0x200001d0   Data           4  sdio_sdcard.o(.data)
    W25QXX_TYPE                              0x200001d4   Data           2  w25qxx.o(.data)
    POINT_COLOR                              0x200001d6   Data           2  tftlcd.o(.data)
    BACK_COLOR                               0x200001d8   Data           2  tftlcd.o(.data)
    NVIC_InitStructure                       0x200001da   Data           4  rtc.o(.data)
    __stdout                                 0x200001e4   Data           4  usart.o(.data)
    USART_RX_STA                             0x200001e8   Data           2  usart.o(.data)
    mallco_dev                               0x200001fc   Data          36  malloc.o(.data)
    FLASH_SECTOR_COUNT                       0x20000220   Data           2  diskio.o(.data)
    file                                     0x20000224   Data           4  exfuns.o(.data)
    ftemp                                    0x20000228   Data           4  exfuns.o(.data)
    br                                       0x2000022c   Data           4  exfuns.o(.data)
    bw                                       0x20000230   Data           4  exfuns.o(.data)
    fatbuf                                   0x20000234   Data           4  exfuns.o(.data)
    tbuf                                     0x20000238   Data          40  main.o(.bss)
    fil                                      0x20000260   Data         552  main.o(.bss)
    buffer                                   0x20000488   Data        1024  main.o(.bss)
    buf                                      0x20000888   Data          16  main.o(.bss)
    str                                      0x20000898   Data          20  main.o(.bss)
    a_buf                                    0x200008ac   Data         240  main.o(.bss)
    b_buf                                    0x2000099c   Data         240  main.o(.bss)
    SDIO_InitStructure                       0x20000a90   Data          24  sdio_sdcard.o(.bss)
    SDIO_CmdInitStructure                    0x20000aa8   Data          20  sdio_sdcard.o(.bss)
    SDIO_DataInitStructure                   0x20000abc   Data          24  sdio_sdcard.o(.bss)
    SDCardInfo                               0x20000af8   Data          88  sdio_sdcard.o(.bss)
    SDIO_DATA_BUFFER                         0x20000b50   Data         512  sdio_sdcard.o(.bss)
    W25QXX_BUFFER                            0x20000d50   Data        4096  w25qxx.o(.bss)
    USART_RX_BUF                             0x200021d0   Data         200  usart.o(.bss)
    mem1base                                 0x200022a0   Data       102400  malloc.o(.bss)
    mem1mapbase                              0x2001b2a0   Data        6400  malloc.o(.bss)
    fs                                       0x2001cbac   Data          12  exfuns.o(.bss)
    fileinfo                                 0x2001cbb8   Data          32  exfuns.o(.bss)
    dir                                      0x2001cbd8   Data          36  exfuns.o(.bss)
    __libspace_start                         0x2001cbfc   Data          96  libspace.o(.bss)
    __temporary_stack_top$libspace           0x2001cc5c   Data           0  libspace.o(.bss)
    mem2base                                 0x68000000   Data       983040  malloc.o(.ARM.__AT_0x68000000)
    mem2mapbase                              0x680f0000   Data       61440  malloc.o(.ARM.__AT_0x680F0000)



==============================================================================

Memory Map of the image

  Image Entry point : 0x08000189

  Load Region LR_IROM1 (Base: 0x08000000, Size: 0x00041630, Max: 0x00080000, ABSOLUTE, COMPRESSED[0x00041460])

    Execution Region ER_IROM1 (Base: 0x08000000, Size: 0x000413f8, Max: 0x00080000, ABSOLUTE)

    Base Addr    Size         Type   Attr      Idx    E Section Name        Object

    0x08000000   0x00000188   Data   RO          666    RESET               startup_stm32f40_41xxx.o
    0x08000188   0x00000008   Code   RO         1178  * !!!main             c_w.l(__main.o)
    0x08000190   0x00000034   Code   RO         1367    !!!scatter          c_w.l(__scatter.o)
    0x080001c4   0x0000005a   Code   RO         1365    !!dczerorl2         c_w.l(__dczerorl2.o)
    0x0800021e   0x00000002   PAD
    0x08000220   0x0000001c   Code   RO         1369    !!handler_zi        c_w.l(__scatter_zi.o)
    0x0800023c   0x00000000   Code   RO         1167    .ARM.Collect$$_printf_percent$$00000000  c_w.l(_printf_percent.o)
    0x0800023c   0x00000006   Code   RO         1165    .ARM.Collect$$_printf_percent$$00000009  c_w.l(_printf_d.o)
    0x08000242   0x00000006   Code   RO         1166    .ARM.Collect$$_printf_percent$$0000000A  c_w.l(_printf_u.o)
    0x08000248   0x00000006   Code   RO         1163    .ARM.Collect$$_printf_percent$$00000014  c_w.l(_printf_s.o)
    0x0800024e   0x00000004   Code   RO         1195    .ARM.Collect$$_printf_percent$$00000017  c_w.l(_printf_percent_end.o)
    0x08000252   0x00000002   Code   RO         1236    .ARM.Collect$$libinit$$00000000  c_w.l(libinit.o)
    0x08000254   0x00000004   Code   RO         1246    .ARM.Collect$$libinit$$00000001  c_w.l(libinit2.o)
    0x08000258   0x00000000   Code   RO         1249    .ARM.Collect$$libinit$$00000004  c_w.l(libinit2.o)
    0x08000258   0x00000000   Code   RO         1252    .ARM.Collect$$libinit$$0000000A  c_w.l(libinit2.o)
    0x08000258   0x00000000   Code   RO         1254    .ARM.Collect$$libinit$$0000000C  c_w.l(libinit2.o)
    0x08000258   0x00000000   Code   RO         1256    .ARM.Collect$$libinit$$0000000E  c_w.l(libinit2.o)
    0x08000258   0x00000000   Code   RO         1259    .ARM.Collect$$libinit$$00000011  c_w.l(libinit2.o)
    0x08000258   0x00000000   Code   RO         1261    .ARM.Collect$$libinit$$00000013  c_w.l(libinit2.o)
    0x08000258   0x00000000   Code   RO         1263    .ARM.Collect$$libinit$$00000015  c_w.l(libinit2.o)
    0x08000258   0x00000000   Code   RO         1265    .ARM.Collect$$libinit$$00000017  c_w.l(libinit2.o)
    0x08000258   0x00000000   Code   RO         1267    .ARM.Collect$$libinit$$00000019  c_w.l(libinit2.o)
    0x08000258   0x00000000   Code   RO         1269    .ARM.Collect$$libinit$$0000001B  c_w.l(libinit2.o)
    0x08000258   0x00000000   Code   RO         1271    .ARM.Collect$$libinit$$0000001D  c_w.l(libinit2.o)
    0x08000258   0x00000000   Code   RO         1273    .ARM.Collect$$libinit$$0000001F  c_w.l(libinit2.o)
    0x08000258   0x00000000   Code   RO         1275    .ARM.Collect$$libinit$$00000021  c_w.l(libinit2.o)
    0x08000258   0x00000000   Code   RO         1277    .ARM.Collect$$libinit$$00000023  c_w.l(libinit2.o)
    0x08000258   0x00000000   Code   RO         1279    .ARM.Collect$$libinit$$00000025  c_w.l(libinit2.o)
    0x08000258   0x00000000   Code   RO         1283    .ARM.Collect$$libinit$$0000002C  c_w.l(libinit2.o)
    0x08000258   0x00000000   Code   RO         1285    .ARM.Collect$$libinit$$0000002E  c_w.l(libinit2.o)
    0x08000258   0x00000000   Code   RO         1287    .ARM.Collect$$libinit$$00000030  c_w.l(libinit2.o)
    0x08000258   0x00000000   Code   RO         1289    .ARM.Collect$$libinit$$00000032  c_w.l(libinit2.o)
    0x08000258   0x00000002   Code   RO         1290    .ARM.Collect$$libinit$$00000033  c_w.l(libinit2.o)
    0x0800025a   0x00000002   Code   RO         1318    .ARM.Collect$$libshutdown$$00000000  c_w.l(libshutdown.o)
    0x0800025c   0x00000000   Code   RO         1333    .ARM.Collect$$libshutdown$$00000003  c_w.l(libshutdown2.o)
    0x0800025c   0x00000000   Code   RO         1336    .ARM.Collect$$libshutdown$$00000006  c_w.l(libshutdown2.o)
    0x0800025c   0x00000000   Code   RO         1339    .ARM.Collect$$libshutdown$$00000009  c_w.l(libshutdown2.o)
    0x0800025c   0x00000000   Code   RO         1341    .ARM.Collect$$libshutdown$$0000000B  c_w.l(libshutdown2.o)
    0x0800025c   0x00000000   Code   RO         1344    .ARM.Collect$$libshutdown$$0000000E  c_w.l(libshutdown2.o)
    0x0800025c   0x00000002   Code   RO         1345    .ARM.Collect$$libshutdown$$0000000F  c_w.l(libshutdown2.o)
    0x0800025e   0x00000000   Code   RO         1182    .ARM.Collect$$rtentry$$00000000  c_w.l(__rtentry.o)
    0x0800025e   0x00000000   Code   RO         1201    .ARM.Collect$$rtentry$$00000002  c_w.l(__rtentry2.o)
    0x0800025e   0x00000006   Code   RO         1213    .ARM.Collect$$rtentry$$00000004  c_w.l(__rtentry4.o)
    0x08000264   0x00000000   Code   RO         1203    .ARM.Collect$$rtentry$$00000009  c_w.l(__rtentry2.o)
    0x08000264   0x00000004   Code   RO         1204    .ARM.Collect$$rtentry$$0000000A  c_w.l(__rtentry2.o)
    0x08000268   0x00000000   Code   RO         1206    .ARM.Collect$$rtentry$$0000000C  c_w.l(__rtentry2.o)
    0x08000268   0x00000008   Code   RO         1207    .ARM.Collect$$rtentry$$0000000D  c_w.l(__rtentry2.o)
    0x08000270   0x00000002   Code   RO         1240    .ARM.Collect$$rtexit$$00000000  c_w.l(rtexit.o)
    0x08000272   0x00000000   Code   RO         1292    .ARM.Collect$$rtexit$$00000002  c_w.l(rtexit2.o)
    0x08000272   0x00000004   Code   RO         1293    .ARM.Collect$$rtexit$$00000003  c_w.l(rtexit2.o)
    0x08000276   0x00000006   Code   RO         1294    .ARM.Collect$$rtexit$$00000004  c_w.l(rtexit2.o)
    0x0800027c   0x00000010   Code   RO          617    .emb_text           sys.o
    0x0800028c   0x000015d4   Code   RO            3    .text               main.o
    0x08001860   0x0000001a   Code   RO          216    .text               stm32f4xx_it.o
    0x0800187a   0x00000002   PAD
    0x0800187c   0x00000210   Code   RO          265    .text               system_stm32f4xx.o
    0x08001a8c   0x000000e0   Code   RO          311    .text               key.o
    0x08001b6c   0x0000014c   Code   RO          332    .text               spi.o
    0x08001cb8   0x00001d6c   Code   RO          352    .text               sdio_sdcard.o
    0x08003a24   0x00000378   Code   RO          386    .text               w25qxx.o
    0x08003d9c   0x000004ac   Code   RO          413    .text               myiic.o
    0x08004248   0x00000954   Code   RO          453    .text               max30102.o
    0x08004b9c   0x00000b08   Code   RO          473    .text               tftlcd.o
    0x080056a4   0x00000244   Code   RO          505    .text               rtc.o
    0x080058e8   0x0000005c   Code   RO          555    .text               timer_1.o
    0x08005944   0x00000164   Code   RO          575    .text               exti.o
    0x08005aa8   0x00000104   Code   RO          595    .text               delay.o
    0x08005bac   0x00000148   Code   RO          635    .text               usart.o
    0x08005cf4   0x00000040   Code   RO          667    .text               startup_stm32f40_41xxx.o
    0x08005d34   0x000000e0   Code   RO          673    .text               misc.o
    0x08005e14   0x00000294   Code   RO          693    .text               stm32f4xx_gpio.o
    0x080060a8   0x000001dc   Code   RO          736    .text               stm32f4xx_sdio.o
    0x08006284   0x0000065c   Code   RO          756    .text               stm32f4xx_rcc.o
    0x080068e0   0x00000094   Code   RO          778    .text               stm32f4xx_syscfg.o
    0x08006974   0x00000454   Code   RO          798    .text               stm32f4xx_usart.o
    0x08006dc8   0x000003a8   Code   RO          818    .text               stm32f4xx_dma.o
    0x08007170   0x00000ca2   Code   RO          838    .text               stm32f4xx_tim.o
    0x08007e12   0x00000002   PAD
    0x08007e14   0x00000480   Code   RO          858    .text               stm32f4xx_spi.o
    0x08008294   0x00000d68   Code   RO          878    .text               stm32f4xx_rtc.o
    0x08008ffc   0x0000016c   Code   RO          898    .text               stm32f4xx_pwr.o
    0x08009168   0x00000110   Code   RO          918    .text               stm32f4xx_exti.o
    0x08009278   0x0000022c   Code   RO          938    .text               malloc.o
    0x080094a4   0x00000200   Code   RO          970    .text               diskio.o
    0x080096a4   0x0000329a   Code   RO          998    .text               ff.o
    0x0800c93e   0x00000002   PAD
    0x0800c940   0x00000198   Code   RO         1019    .text               exfuns.o
    0x0800cad8   0x000000b4   Code   RO         1076    .text               cc936.o
    0x0800cb8c   0x00000002   Code   RO         1101    .text               c_w.l(use_no_semi_2.o)
    0x0800cb8e   0x00000048   Code   RO         1103    .text               c_w.l(llsdiv.o)
    0x0800cbd6   0x00000002   PAD
    0x0800cbd8   0x00000018   Code   RO         1109    .text               c_w.l(noretval__2printf.o)
    0x0800cbf0   0x00000028   Code   RO         1111    .text               c_w.l(noretval__2sprintf.o)
    0x0800cc18   0x0000004e   Code   RO         1115    .text               c_w.l(_printf_pad.o)
    0x0800cc66   0x00000052   Code   RO         1117    .text               c_w.l(_printf_str.o)
    0x0800ccb8   0x00000078   Code   RO         1119    .text               c_w.l(_printf_dec.o)
    0x0800cd30   0x00000138   Code   RO         1154    .text               c_w.l(__printf_flags_wp.o)
    0x0800ce68   0x00000048   Code   RO         1168    .text               c_w.l(strcpy.o)
    0x0800ceb0   0x0000008a   Code   RO         1170    .text               c_w.l(rt_memcpy_v6.o)
    0x0800cf3a   0x00000044   Code   RO         1172    .text               c_w.l(rt_memclr.o)
    0x0800cf7e   0x00000002   PAD
    0x0800cf80   0x00000080   Code   RO         1174    .text               c_w.l(strcmpv7m.o)
    0x0800d000   0x00000006   Code   RO         1176    .text               c_w.l(heapauxi.o)
    0x0800d006   0x00000002   Code   RO         1180    .text               c_w.l(use_no_semi.o)
    0x0800d008   0x000000ee   Code   RO         1183    .text               c_w.l(lludivv7m.o)
    0x0800d0f6   0x000000b2   Code   RO         1185    .text               c_w.l(_printf_intcommon.o)
    0x0800d1a8   0x00000030   Code   RO         1187    .text               c_w.l(_printf_char_common.o)
    0x0800d1d8   0x0000000a   Code   RO         1189    .text               c_w.l(_sputc.o)
    0x0800d1e2   0x0000002c   Code   RO         1191    .text               c_w.l(_printf_char.o)
    0x0800d20e   0x00000002   PAD
    0x0800d210   0x00000024   Code   RO         1193    .text               c_w.l(_printf_char_file.o)
    0x0800d234   0x00000064   Code   RO         1196    .text               c_w.l(rt_memcpy_w.o)
    0x0800d298   0x0000004e   Code   RO         1198    .text               c_w.l(rt_memclr_w.o)
    0x0800d2e6   0x00000008   Code   RO         1221    .text               c_w.l(ferror.o)
    0x0800d2ee   0x0000004a   Code   RO         1225    .text               c_w.l(sys_stackheap_outer.o)
    0x0800d338   0x0000000c   Code   RO         1229    .text               c_w.l(exit.o)
    0x0800d344   0x00000008   Code   RO         1237    .text               c_w.l(libspace.o)
    0x0800d34c   0x0000000e   Code   RO         1152    i._is_digit         c_w.l(__printf_wp.o)
    0x0800d35a   0x0000000a   Code   RO         1306    x$fpl$fpinit        fz_wm.l(fpinit.o)
    0x0800d364   0x00009284   Data   RO          475    .constdata          tftlcd.o
    0x080165e8   0x00000024   Data   RO          944    .constdata          malloc.o
    0x0801660c   0x0000003a   Data   RO         1000    .constdata          ff.o
    0x08016646   0x00000002   PAD
    0x08016648   0x00000070   Data   RO         1021    .constdata          exfuns.o
    0x080166b8   0x0002acc8   Data   RO         1077    .constdata          cc936.o
    0x08041380   0x00000011   Data   RO         1155    .constdata          c_w.l(__printf_flags_wp.o)
    0x08041391   0x00000003   PAD
    0x08041394   0x00000044   Data   RO         1022    .conststring        exfuns.o
    0x080413d8   0x00000020   Data   RO         1363    Region$$Table       anon$$obj.o


    Execution Region RW_IRAM1 (Base: 0x20000000, Size: 0x0001d260, Max: 0x00020000, ABSOLUTE, COMPRESSED[0x00000068])

    Base Addr    Size         Type   Attr      Idx    E Section Name        Object

    0x20000000   0x000001ac   Data   RW            5    .data               main.o
    0x200001ac   0x00000014   Data   RW          266    .data               system_stm32f4xx.o
    0x200001c0   0x00000001   Data   RW          312    .data               key.o
    0x200001c1   0x00000003   PAD
    0x200001c4   0x00000010   Data   RW          354    .data               sdio_sdcard.o
    0x200001d4   0x00000002   Data   RW          388    .data               w25qxx.o
    0x200001d6   0x00000004   Data   RW          476    .data               tftlcd.o
    0x200001da   0x00000004   Data   RW          506    .data               rtc.o
    0x200001de   0x00000004   Data   RW          596    .data               delay.o
    0x200001e2   0x00000002   PAD
    0x200001e4   0x00000006   Data   RW          637    .data               usart.o
    0x200001ea   0x00000010   Data   RW          757    .data               stm32f4xx_rcc.o
    0x200001fa   0x00000002   PAD
    0x200001fc   0x00000024   Data   RW          945    .data               malloc.o
    0x20000220   0x00000002   Data   RW          971    .data               diskio.o
    0x20000222   0x00000002   Data   RW         1001    .data               ff.o
    0x20000224   0x00000014   Data   RW         1023    .data               exfuns.o
    0x20000238   0x00000854   Zero   RW            4    .bss                main.o
    0x20000a8c   0x00000004   PAD
    0x20000a90   0x000002c0   Zero   RW          353    .bss                sdio_sdcard.o
    0x20000d50   0x00001000   Zero   RW          387    .bss                w25qxx.o
    0x20001d50   0x00000480   Zero   RW          474    .bss                tftlcd.o
    0x200021d0   0x000000c8   Zero   RW          636    .bss                usart.o
    0x20002298   0x00000008   PAD
    0x200022a0   0x0001a900   Zero   RW          943    .bss                malloc.o
    0x2001cba0   0x0000000c   Zero   RW          999    .bss                ff.o
    0x2001cbac   0x00000050   Zero   RW         1020    .bss                exfuns.o
    0x2001cbfc   0x00000060   Zero   RW         1238    .bss                c_w.l(libspace.o)
    0x2001cc5c   0x00000004   PAD
    0x2001cc60   0x00000200   Zero   RW          665    HEAP                startup_stm32f40_41xxx.o
    0x2001ce60   0x00000400   Zero   RW          664    STACK               startup_stm32f40_41xxx.o



  Load Region LR$$.ARM.__AT_0x10000000 (Base: 0x10000000, Size: 0x00000000, Max: 0x0000f000, ABSOLUTE)

    Execution Region ER$$.ARM.__AT_0x10000000 (Base: 0x10000000, Size: 0x0000f000, Max: 0x0000f000, ABSOLUTE, UNINIT)

    Base Addr    Size         Type   Attr      Idx    E Section Name        Object

    0x10000000   0x0000f000   Zero   RW          939    .ARM.__AT_0x10000000  malloc.o



  Load Region LR$$.ARM.__AT_0x1000F000 (Base: 0x1000f000, Size: 0x00000000, Max: 0x00000f00, ABSOLUTE)

    Execution Region ER$$.ARM.__AT_0x1000F000 (Base: 0x1000f000, Size: 0x00000f00, Max: 0x00000f00, ABSOLUTE, UNINIT)

    Base Addr    Size         Type   Attr      Idx    E Section Name        Object

    0x1000f000   0x00000f00   Zero   RW          940    .ARM.__AT_0x1000F000  malloc.o



  Load Region LR$$.ARM.__AT_0x68000000 (Base: 0x68000000, Size: 0x00000000, Max: 0x000f0000, ABSOLUTE)

    Execution Region ER$$.ARM.__AT_0x68000000 (Base: 0x68000000, Size: 0x000f0000, Max: 0x000f0000, ABSOLUTE, UNINIT)

    Base Addr    Size         Type   Attr      Idx    E Section Name        Object

    0x68000000   0x000f0000   Zero   RW          941    .ARM.__AT_0x68000000  malloc.o



  Load Region LR$$.ARM.__AT_0x680F0000 (Base: 0x680f0000, Size: 0x00000000, Max: 0x0000f000, ABSOLUTE)

    Execution Region ER$$.ARM.__AT_0x680F0000 (Base: 0x680f0000, Size: 0x0000f000, Max: 0x0000f000, ABSOLUTE, UNINIT)

    Base Addr    Size         Type   Attr      Idx    E Section Name        Object

    0x680f0000   0x0000f000   Zero   RW          942    .ARM.__AT_0x680F0000  malloc.o


==============================================================================

Image component sizes


      Code (inc. data)   RO Data    RW Data    ZI Data      Debug   Object Name

       180         18     175304          0          0       2369   cc936.o
       260          8          0          4          0       1505   delay.o
       512          8          0          2          0       4394   diskio.o
       408         22        180         20         80       2848   exfuns.o
       356         12          0          0          0       1140   exti.o
     12954        136         58          2         12      34866   ff.o
       224         14          0          1          0        884   key.o
      5588        946          0        428       2132     341455   main.o
       556         18         36         36    1218560       4989   malloc.o
      2388          0          0          0          0      10204   max30102.o
       224         20          0          0          0       1889   misc.o
      1196         24          0          0          0       3382   myiic.o
       580         22          0          4          0       2760   rtc.o
      7532        286          0         16        704      25129   sdio_sdcard.o
       332          8          0          0          0       1764   spi.o
        64         26        392          0       1536        856   startup_stm32f40_41xxx.o
       936         32          0          0          0       6369   stm32f4xx_dma.o
       272         10          0          0          0       2335   stm32f4xx_exti.o
       660         44          0          0          0       4169   stm32f4xx_gpio.o
        26          0          0          0          0       1258   stm32f4xx_it.o
       364         12          0          0          0       3771   stm32f4xx_pwr.o
      1628         52          0         16          0      12988   stm32f4xx_rcc.o
      3432         44          0          0          0      15132   stm32f4xx_rtc.o
       476         16          0          0          0       7460   stm32f4xx_sdio.o
      1152         36          0          0          0       6917   stm32f4xx_spi.o
       148         12          0          0          0       1881   stm32f4xx_syscfg.o
      3234         60          0          0          0      22372   stm32f4xx_tim.o
      1108         34          0          0          0       7868   stm32f4xx_usart.o
        16          0          0          0          0        512   sys.o
       528         46          0         20          0       1887   system_stm32f4xx.o
      2824         66      37508          4       1152      10232   tftlcd.o
        92          4          0          0          0        708   timer_1.o
       328         16          0          6        200       3398   usart.o
       888         26          0          2       4096       4445   w25qxx.o

    ----------------------------------------------------------------------
     51472       2078     213512        568    1228484     554136   Object Totals
         0          0         32          0          0          0   (incl. Generated)
         6          0          2          7         12          0   (incl. Padding)

    ----------------------------------------------------------------------

      Code (inc. data)   RO Data    RW Data    ZI Data      Debug   Library Member Name

        90          0          0          0          0          0   __dczerorl2.o
         8          0          0          0          0         68   __main.o
       312          4         17          0          0         92   __printf_flags_wp.o
        14          0          0          0          0         68   __printf_wp.o
         0          0          0          0          0          0   __rtentry.o
        12          0          0          0          0          0   __rtentry2.o
         6          0          0          0          0          0   __rtentry4.o
        52          8          0          0          0          0   __scatter.o
        28          0          0          0          0          0   __scatter_zi.o
        44          0          0          0          0        108   _printf_char.o
        48          6          0          0          0         96   _printf_char_common.o
        36          4          0          0          0         80   _printf_char_file.o
         6          0          0          0          0          0   _printf_d.o
       120         16          0          0          0         92   _printf_dec.o
       178          0          0          0          0         88   _printf_intcommon.o
        78          0          0          0          0        108   _printf_pad.o
         0          0          0          0          0          0   _printf_percent.o
         4          0          0          0          0          0   _printf_percent_end.o
         6          0          0          0          0          0   _printf_s.o
        82          0          0          0          0         80   _printf_str.o
         6          0          0          0          0          0   _printf_u.o
        10          0          0          0          0         68   _sputc.o
        12          0          0          0          0         72   exit.o
         8          0          0          0          0         68   ferror.o
         6          0          0          0          0        152   heapauxi.o
         2          0          0          0          0          0   libinit.o
         6          0          0          0          0          0   libinit2.o
         2          0          0          0          0          0   libshutdown.o
         2          0          0          0          0          0   libshutdown2.o
         8          4          0          0         96         68   libspace.o
        72          0          0          0          0         76   llsdiv.o
       238          0          0          0          0        100   lludivv7m.o
        24          4          0          0          0         84   noretval__2printf.o
        40          6          0          0          0         84   noretval__2sprintf.o
        68          0          0          0          0         68   rt_memclr.o
        78          0          0          0          0         80   rt_memclr_w.o
       138          0          0          0          0         68   rt_memcpy_v6.o
       100          0          0          0          0         80   rt_memcpy_w.o
         2          0          0          0          0          0   rtexit.o
        10          0          0          0          0          0   rtexit2.o
       128          0          0          0          0         68   strcmpv7m.o
        72          0          0          0          0         80   strcpy.o
        74          0          0          0          0         80   sys_stackheap_outer.o
         2          0          0          0          0         68   use_no_semi.o
         2          0          0          0          0         68   use_no_semi_2.o
        10          0          0          0          0        116   fpinit.o

    ----------------------------------------------------------------------
      2252         52         20          0        100       2428   Library Totals
         8          0          3          0          4          0   (incl. Padding)

    ----------------------------------------------------------------------

      Code (inc. data)   RO Data    RW Data    ZI Data      Debug   Library Name

      2234         52         17          0         96       2312   c_w.l
        10          0          0          0          0        116   fz_wm.l

    ----------------------------------------------------------------------
      2252         52         20          0        100       2428   Library Totals

    ----------------------------------------------------------------------

==============================================================================


      Code (inc. data)   RO Data    RW Data    ZI Data      Debug   

     53724       2130     213532        568    1228584     547616   Grand Totals
     53724       2130     213532        104    1228584     547616   ELF Image Totals (compressed)
     53724       2130     213532        104          0          0   ROM Totals

==============================================================================

    Total RO  Size (Code + RO Data)               267256 ( 260.99kB)
    Total RW  Size (RW Data + ZI Data)           1229152 (1200.34kB)
    Total ROM Size (Code + RO Data + RW Data)     267360 ( 261.09kB)

==============================================================================

